<html>
<body>
<pre>
<h1>礦ision Build Log</h1>
<h2>Tool Versions:</h2>
IDE-Version: μVision V5.23.0.0
Copyright (C) 2017 ARM Ltd and ARM Germany GmbH. All rights reserved.
License Information: 1 1, 1, LIC=SDA01-C2BTH-JJ96S-LDZV9-GM93Q-ZV902
 
Tool Versions:
Toolchain:       MDK-ARM Plus  Version: 5.23
Toolchain Path:  G:\Embedded_Development_Software\Keil_v5\ARM\ARMCC\Bin
C Compiler:      Armcc.exe V5.06 update 4 (build 422)
Assembler:       Armasm.exe V5.06 update 4 (build 422)
Linker/Locator:  ArmLink.exe V5.06 update 4 (build 422)
Library Manager: ArmAr.exe V5.06 update 4 (build 422)
Hex Converter:   FromElf.exe V5.06 update 4 (build 422)
CPU DLL:         SARMCM3.DLL V5.23
Dialog DLL:      DCM.DLL V1.15.0.0
Target DLL:      STLink\ST-LINKIII-KEIL_SWO.dll V2.0.18.0
Dialog DLL:      TCM.DLL V1.27.0.0
 
<h2>Project:</h2>
F:\大学课件\大三上学期课件\嵌入式开发\嵌入式开发实验\23_ucosii_mulit_task\MDK-ARM\ucosii_led.uvprojx
Project File Date:  11/19/2020

<h2>Output:</h2>
*** Using Compiler 'V5.06 update 4 (build 422)', folder: 'G:\Embedded_Development_Software\Keil_v5\ARM\ARMCC\Bin'
Build target 'ucosii_led'
compiling os_sem.c...
compiling uCOSII_Demo.c...
..\User\uCOSII_Demo.c(180): warning:  #177-D: function "KEY_Scan"  was declared but never referenced
  static void KEY_Scan(uint8_t mode)
..\User\uCOSII_Demo.c: 1 warning, 0 errors
linking...
Program Size: Code=9904 RO-data=704 RW-data=140 ZI-data=6140  
"ucosii_led\ucosii_led.axf" - 0 Error(s), 1 Warning(s).

<h2>Software Packages used:</h2>

Package Vendor: ARM
                http://www.keil.com/pack/ARM.CMSIS.5.0.1.pack
                ARM::CMSIS:CORE:5.0.1
                CMSIS (Cortex Microcontroller Software Interface Standard)
   * Component: CORE Version: 5.0.1

<h2>Collection of Component include folders:</h2>
  .\RTE\_ucosii_led
  G:\Embedded_Development_Software\Keil_v5\ARM\PACK\ARM\CMSIS\5.0.1\CMSIS\Include
  G:\Embedded_Development_Software\Keil_v5\ARM\PACK\Keil\STM32F4xx_DFP\2.7.0\Drivers\CMSIS\Device\ST\STM32F4xx\Include

<h2>Collection of Component Files used:</h2>

   * Component: ARM::CMSIS:CORE:5.0.1
Build Time Elapsed:  00:00:02
</pre>
</body>
</html>
