Component: ARM Compiler 5.06 update 4 (build 422) Tool: armlink [4d35d2]

==============================================================================

Section Cross References

    system_stm32f4xx.o(i.SystemCoreClockUpdate) refers to system_stm32f4xx.o(.data) for .data
    system_stm32f4xx.o(i.SystemCoreClockUpdate) refers to system_stm32f4xx.o(.constdata) for .constdata
    os_cpu_c.o(i.OSInitHookBegin) refers to os_cpu_c.o(.bss) for .bss
    os_cpu_c.o(i.OSInitHookBegin) refers to os_cpu_c.o(.data) for .data
    os_cpu_c.o(i.OSTaskStkInit) refers to os_task.o(i.OS_TaskReturn) for OS_TaskReturn
    os_cpu_c.o(i.OSTimeTickHook) refers to os_tmr.o(i.OSTmrSignal) for OSTmrSignal
    os_cpu_c.o(i.OSTimeTickHook) refers to os_cpu_c.o(.data) for .data
    os_cpu_c.o(i.OS_CPU_SysTickHandler) refers to os_cpu_a.o(.text) for OS_CPU_SR_Save
    os_cpu_c.o(i.OS_CPU_SysTickHandler) refers to os_core.o(i.OSTimeTick) for OSTimeTick
    os_cpu_c.o(i.OS_CPU_SysTickHandler) refers to os_core.o(i.OSIntExit) for OSIntExit
    os_cpu_c.o(i.OS_CPU_SysTickHandler) refers to os_core.o(.data) for OSIntNesting
    os_cpu_a.o(.text) refers to os_cpu_c.o(.data) for OS_CPU_ExceptStkBase
    os_cpu_a.o(.text) refers to os_core.o(.data) for OSRunning
    os_cpu_a.o(.text) refers to os_cpu_c.o(i.OSTaskSwHook) for OSTaskSwHook
    os_core.o(i.OSInit) refers to os_cpu_c.o(i.OSInitHookBegin) for OSInitHookBegin
    os_core.o(i.OSInit) refers to os_core.o(i.OS_InitTCBList) for OS_InitTCBList
    os_core.o(i.OSInit) refers to os_core.o(i.OS_MemClr) for OS_MemClr
    os_core.o(i.OSInit) refers to os_mem.o(i.OS_MemInit) for OS_MemInit
    os_core.o(i.OSInit) refers to os_q.o(i.OS_QInit) for OS_QInit
    os_core.o(i.OSInit) refers to os_task.o(i.OSTaskCreateExt) for OSTaskCreateExt
    os_core.o(i.OSInit) refers to os_task.o(i.OSTaskNameSet) for OSTaskNameSet
    os_core.o(i.OSInit) refers to os_tmr.o(i.OSTmr_Init) for OSTmr_Init
    os_core.o(i.OSInit) refers to os_cpu_c.o(i.OSInitHookEnd) for OSInitHookEnd
    os_core.o(i.OSInit) refers to os_core.o(.data) for .data
    os_core.o(i.OSInit) refers to os_core.o(.bss) for .bss
    os_core.o(i.OSInit) refers to os_core.o(i.OS_TaskIdle) for OS_TaskIdle
    os_core.o(i.OSIntEnter) refers to os_core.o(.data) for .data
    os_core.o(i.OSIntExit) refers to os_cpu_a.o(.text) for OS_CPU_SR_Save
    os_core.o(i.OSIntExit) refers to os_core.o(i.OS_SchedNew) for OS_SchedNew
    os_core.o(i.OSIntExit) refers to os_core.o(.data) for .data
    os_core.o(i.OSIntExit) refers to os_core.o(.bss) for .bss
    os_core.o(i.OSSchedLock) refers to os_cpu_a.o(.text) for OS_CPU_SR_Save
    os_core.o(i.OSSchedLock) refers to os_core.o(.data) for .data
    os_core.o(i.OSSchedUnlock) refers to os_cpu_a.o(.text) for OS_CPU_SR_Save
    os_core.o(i.OSSchedUnlock) refers to os_core.o(i.OS_Sched) for OS_Sched
    os_core.o(i.OSSchedUnlock) refers to os_core.o(.data) for .data
    os_core.o(i.OSStart) refers to os_core.o(i.OS_SchedNew) for OS_SchedNew
    os_core.o(i.OSStart) refers to os_cpu_a.o(.text) for OSStartHighRdy
    os_core.o(i.OSStart) refers to os_core.o(.data) for .data
    os_core.o(i.OSStart) refers to os_core.o(.bss) for .bss
    os_core.o(i.OSTimeTick) refers to os_cpu_c.o(i.OSTimeTickHook) for OSTimeTickHook
    os_core.o(i.OSTimeTick) refers to os_cpu_a.o(.text) for OS_CPU_SR_Save
    os_core.o(i.OSTimeTick) refers to os_core.o(.data) for .data
    os_core.o(i.OS_EventTaskRdy) refers to os_core.o(i.OS_EventTaskRemove) for OS_EventTaskRemove
    os_core.o(i.OS_EventTaskRdy) refers to os_core.o(.constdata) for .constdata
    os_core.o(i.OS_EventTaskRdy) refers to os_core.o(.bss) for .bss
    os_core.o(i.OS_EventTaskRdy) refers to os_core.o(.data) for .data
    os_core.o(i.OS_EventTaskWait) refers to os_core.o(.data) for .data
    os_core.o(i.OS_InitTCBList) refers to os_core.o(i.OS_MemClr) for OS_MemClr
    os_core.o(i.OS_InitTCBList) refers to os_core.o(.bss) for .bss
    os_core.o(i.OS_InitTCBList) refers to os_core.o(.data) for .data
    os_core.o(i.OS_Sched) refers to os_cpu_a.o(.text) for OS_CPU_SR_Save
    os_core.o(i.OS_Sched) refers to os_core.o(i.OS_SchedNew) for OS_SchedNew
    os_core.o(i.OS_Sched) refers to os_core.o(.data) for .data
    os_core.o(i.OS_Sched) refers to os_core.o(.bss) for .bss
    os_core.o(i.OS_SchedNew) refers to os_core.o(.constdata) for .constdata
    os_core.o(i.OS_SchedNew) refers to os_core.o(.data) for .data
    os_core.o(i.OS_TCBInit) refers to os_cpu_a.o(.text) for OS_CPU_SR_Save
    os_core.o(i.OS_TCBInit) refers to os_cpu_c.o(i.OSTCBInitHook) for OSTCBInitHook
    os_core.o(i.OS_TCBInit) refers to os_cpu_c.o(i.OSTaskCreateHook) for OSTaskCreateHook
    os_core.o(i.OS_TCBInit) refers to os_core.o(.data) for .data
    os_core.o(i.OS_TCBInit) refers to os_core.o(.bss) for .bss
    os_core.o(i.OS_TaskIdle) refers to os_cpu_a.o(.text) for OS_CPU_SR_Save
    os_core.o(i.OS_TaskIdle) refers to os_cpu_c.o(i.OSTaskIdleHook) for OSTaskIdleHook
[...]
    Removing stm32f4xx_hal.o(i.HAL_DBGMCU_EnableDBGStandbyMode), (16 bytes).
    Removing stm32f4xx_hal.o(i.HAL_DBGMCU_EnableDBGStopMode), (16 bytes).
    Removing stm32f4xx_hal.o(i.HAL_DeInit), (52 bytes).
    Removing stm32f4xx_hal.o(i.HAL_Delay), (28 bytes).
    Removing stm32f4xx_hal.o(i.HAL_DisableCompensationCell), (28 bytes).
    Removing stm32f4xx_hal.o(i.HAL_EnableCompensationCell), (28 bytes).
    Removing stm32f4xx_hal.o(i.HAL_GetDEVID), (16 bytes).
    Removing stm32f4xx_hal.o(i.HAL_GetHalVersion), (8 bytes).
    Removing stm32f4xx_hal.o(i.HAL_GetREVID), (12 bytes).
    Removing stm32f4xx_hal.o(i.HAL_GetUID), (28 bytes).
    Removing stm32f4xx_hal.o(i.HAL_IncTick), (16 bytes).
    Removing stm32f4xx_hal.o(i.HAL_MspDeInit), (2 bytes).
    Removing stm32f4xx_hal.o(i.HAL_MspInit), (2 bytes).
    Removing stm32f4xx_hal.o(i.HAL_ResumeTick), (14 bytes).
    Removing stm32f4xx_hal.o(i.HAL_SuspendTick), (14 bytes).
    Removing stm32f4xx_hal_gpio.o(.rev16_text), (4 bytes).
    Removing stm32f4xx_hal_gpio.o(.revsh_text), (4 bytes).
    Removing stm32f4xx_hal_gpio.o(.rrx_text), (6 bytes).
    Removing stm32f4xx_hal_gpio.o(i.HAL_GPIO_DeInit), (328 bytes).
    Removing stm32f4xx_hal_gpio.o(i.HAL_GPIO_EXTI_Callback), (2 bytes).
    Removing stm32f4xx_hal_gpio.o(i.HAL_GPIO_EXTI_IRQHandler), (24 bytes).
    Removing stm32f4xx_hal_gpio.o(i.HAL_GPIO_LockPin), (34 bytes).
    Removing stm32f4xx_hal_flash.o(.rev16_text), (4 bytes).
    Removing stm32f4xx_hal_flash.o(.revsh_text), (4 bytes).
    Removing stm32f4xx_hal_flash.o(.rrx_text), (6 bytes).
    Removing stm32f4xx_hal_flash.o(i.FLASH_Program_Byte), (32 bytes).
    Removing stm32f4xx_hal_flash.o(i.FLASH_Program_DoubleWord), (40 bytes).
    Removing stm32f4xx_hal_flash.o(i.FLASH_Program_HalfWord), (36 bytes).
    Removing stm32f4xx_hal_flash.o(i.FLASH_Program_Word), (36 bytes).
    Removing stm32f4xx_hal_flash.o(i.FLASH_SetErrorCode), (104 bytes).
    Removing stm32f4xx_hal_flash.o(i.FLASH_WaitForLastOperation), (80 bytes).
    Removing stm32f4xx_hal_flash.o(i.HAL_FLASH_EndOfOperationCallback), (2 bytes).
    Removing stm32f4xx_hal_flash.o(i.HAL_FLASH_GetError), (12 bytes).
    Removing stm32f4xx_hal_flash.o(i.HAL_FLASH_IRQHandler), (204 bytes).
    Removing stm32f4xx_hal_flash.o(i.HAL_FLASH_Lock), (20 bytes).
    Removing stm32f4xx_hal_flash.o(i.HAL_FLASH_OB_Launch), (24 bytes).
    Removing stm32f4xx_hal_flash.o(i.HAL_FLASH_OB_Lock), (20 bytes).
    Removing stm32f4xx_hal_flash.o(i.HAL_FLASH_OB_Unlock), (40 bytes).
    Removing stm32f4xx_hal_flash.o(i.HAL_FLASH_OperationErrorCallback), (2 bytes).
    Removing stm32f4xx_hal_flash.o(i.HAL_FLASH_Program), (124 bytes).
    Removing stm32f4xx_hal_flash.o(i.HAL_FLASH_Program_IT), (108 bytes).
    Removing stm32f4xx_hal_flash.o(i.HAL_FLASH_Unlock), (40 bytes).
    Removing stm32f4xx_hal_flash.o(.bss), (32 bytes).
    Removing stm32f4xx_hal_dma.o(.rev16_text), (4 bytes).
    Removing stm32f4xx_hal_dma.o(.revsh_text), (4 bytes).
    Removing stm32f4xx_hal_dma.o(.rrx_text), (6 bytes).
    Removing stm32f4xx_hal_dma.o(i.DMA_CalcBaseAndBitshift), (40 bytes).
    Removing stm32f4xx_hal_dma.o(i.DMA_CheckFifoParam), (84 bytes).
    Removing stm32f4xx_hal_dma.o(i.DMA_SetConfig), (40 bytes).
    Removing stm32f4xx_hal_dma.o(i.HAL_DMA_Abort), (142 bytes).
    Removing stm32f4xx_hal_dma.o(i.HAL_DMA_Abort_IT), (36 bytes).
    Removing stm32f4xx_hal_dma.o(i.HAL_DMA_DeInit), (86 bytes).
    Removing stm32f4xx_hal_dma.o(i.HAL_DMA_GetError), (4 bytes).
    Removing stm32f4xx_hal_dma.o(i.HAL_DMA_GetState), (6 bytes).
    Removing stm32f4xx_hal_dma.o(i.HAL_DMA_IRQHandler), (424 bytes).
    Removing stm32f4xx_hal_dma.o(i.HAL_DMA_Init), (212 bytes).
    Removing stm32f4xx_hal_dma.o(i.HAL_DMA_PollForTransfer), (300 bytes).
    Removing stm32f4xx_hal_dma.o(i.HAL_DMA_RegisterCallback), (80 bytes).
    Removing stm32f4xx_hal_dma.o(i.HAL_DMA_Start), (70 bytes).
    Removing stm32f4xx_hal_dma.o(i.HAL_DMA_Start_IT), (120 bytes).
    Removing stm32f4xx_hal_dma.o(i.HAL_DMA_UnRegisterCallback), (96 bytes).
    Removing stm32f4xx_hal_dma.o(.constdata), (8 bytes).
    Removing stm32f4xx_hal_cortex.o(.rev16_text), (4 bytes).
    Removing stm32f4xx_hal_cortex.o(.revsh_text), (4 bytes).
    Removing stm32f4xx_hal_cortex.o(.rrx_text), (6 bytes).
    Removing stm32f4xx_hal_cortex.o(i.HAL_MPU_ConfigRegion), (84 bytes).
    Removing stm32f4xx_hal_cortex.o(i.HAL_MPU_Disable), (28 bytes).
    Removing stm32f4xx_hal_cortex.o(i.HAL_MPU_Enable), (36 bytes).
    Removing stm32f4xx_hal_cortex.o(i.HAL_NVIC_ClearPendingIRQ), (22 bytes).
    Removing stm32f4xx_hal_cortex.o(i.HAL_NVIC_GetActive), (32 bytes).
    Removing stm32f4xx_hal_cortex.o(i.HAL_NVIC_GetPendingIRQ), (32 bytes).
    Removing stm32f4xx_hal_cortex.o(i.HAL_NVIC_GetPriority), (82 bytes).
    Removing stm32f4xx_hal_cortex.o(i.HAL_NVIC_GetPriorityGrouping), (16 bytes).
    Removing stm32f4xx_hal_cortex.o(i.HAL_NVIC_SetPendingIRQ), (22 bytes).
    Removing stm32f4xx_hal_cortex.o(i.HAL_NVIC_SystemReset), (36 bytes).
    Removing stm32f4xx_hal_cortex.o(i.HAL_SYSTICK_Callback), (2 bytes).
    Removing stm32f4xx_hal_cortex.o(i.HAL_SYSTICK_IRQHandler), (8 bytes).
    Removing stm32f4xx_hal_dma_ex.o(.rev16_text), (4 bytes).
    Removing stm32f4xx_hal_dma_ex.o(.revsh_text), (4 bytes).
    Removing stm32f4xx_hal_dma_ex.o(.rrx_text), (6 bytes).
    Removing stm32f4xx_hal_dma_ex.o(i.DMA_MultiBufferSetConfig), (30 bytes).
    Removing stm32f4xx_hal_dma_ex.o(i.HAL_DMAEx_ChangeMemory), (14 bytes).
    Removing stm32f4xx_hal_dma_ex.o(i.HAL_DMAEx_MultiBufferStart), (100 bytes).
    Removing stm32f4xx_hal_dma_ex.o(i.HAL_DMAEx_MultiBufferStart_IT), (2452 bytes).
    Removing stm32f4xx_hal_rcc.o(.rev16_text), (4 bytes).
    Removing stm32f4xx_hal_rcc.o(.revsh_text), (4 bytes).
    Removing stm32f4xx_hal_rcc.o(.rrx_text), (6 bytes).
    Removing stm32f4xx_hal_rcc.o(i.HAL_RCC_CSSCallback), (2 bytes).
    Removing stm32f4xx_hal_rcc.o(i.HAL_RCC_DeInit), (2 bytes).
    Removing stm32f4xx_hal_rcc.o(i.HAL_RCC_DisableCSS), (12 bytes).
    Removing stm32f4xx_hal_rcc.o(i.HAL_RCC_EnableCSS), (12 bytes).
    Removing stm32f4xx_hal_rcc.o(i.HAL_RCC_GetClockConfig), (64 bytes).
    Removing stm32f4xx_hal_rcc.o(i.HAL_RCC_GetOscConfig), (232 bytes).
    Removing stm32f4xx_hal_rcc.o(i.HAL_RCC_MCOConfig), (140 bytes).
    Removing stm32f4xx_hal_rcc.o(i.HAL_RCC_NMI_IRQHandler), (28 bytes).
    Removing stm32f4xx_hal_pwr_ex.o(.rev16_text), (4 bytes).
    Removing stm32f4xx_hal_pwr_ex.o(.revsh_text), (4 bytes).
    Removing stm32f4xx_hal_pwr_ex.o(.rrx_text), (6 bytes).
    Removing stm32f4xx_hal_pwr_ex.o(i.HAL_PWREx_ControlVoltageScaling), (88 bytes).
    Removing stm32f4xx_hal_pwr_ex.o(i.HAL_PWREx_DisableBkUpReg), (76 bytes).
    Removing stm32f4xx_hal_pwr_ex.o(i.HAL_PWREx_DisableFlashPowerDown), (28 bytes).
    Removing stm32f4xx_hal_pwr_ex.o(i.HAL_PWREx_EnableBkUpReg), (76 bytes).
    Removing stm32f4xx_hal_pwr_ex.o(i.HAL_PWREx_EnableFlashPowerDown), (24 bytes).
    Removing stm32f4xx_hal_pwr_ex.o(i.HAL_PWREx_GetVoltageRange), (16 bytes).
    Removing stm32f4xx_hal_rcc_ex.o(.rev16_text), (4 bytes).
    Removing stm32f4xx_hal_rcc_ex.o(.revsh_text), (4 bytes).
    Removing stm32f4xx_hal_rcc_ex.o(.rrx_text), (6 bytes).
    Removing stm32f4xx_hal_rcc_ex.o(i.HAL_RCCEx_GetPeriphCLKConfig), (80 bytes).
    Removing stm32f4xx_hal_rcc_ex.o(i.HAL_RCCEx_GetPeriphCLKFreq), (92 bytes).
    Removing stm32f4xx_hal_rcc_ex.o(i.HAL_RCCEx_PeriphCLKConfig), (340 bytes).
    Removing stm32f4xx_hal_rcc_ex.o(i.HAL_RCC_DeInit), (92 bytes).
    Removing stm32f4xx_hal_tim_ex.o(.rev16_text), (4 bytes).
    Removing stm32f4xx_hal_tim_ex.o(.revsh_text), (4 bytes).
    Removing stm32f4xx_hal_tim_ex.o(.rrx_text), (6 bytes).
    Removing stm32f4xx_hal_pwr.o(.rev16_text), (4 bytes).
    Removing stm32f4xx_hal_pwr.o(.revsh_text), (4 bytes).
    Removing stm32f4xx_hal_pwr.o(.rrx_text), (6 bytes).
    Removing stm32f4xx_hal_pwr.o(i.HAL_PWR_ConfigPVD), (124 bytes).
    Removing stm32f4xx_hal_pwr.o(i.HAL_PWR_DeInit), (24 bytes).
    Removing stm32f4xx_hal_pwr.o(i.HAL_PWR_DisableBkUpAccess), (28 bytes).
    Removing stm32f4xx_hal_pwr.o(i.HAL_PWR_DisablePVD), (24 bytes).
    Removing stm32f4xx_hal_pwr.o(i.HAL_PWR_DisableSEVOnPend), (16 bytes).
    Removing stm32f4xx_hal_pwr.o(i.HAL_PWR_DisableSleepOnExit), (16 bytes).
    Removing stm32f4xx_hal_pwr.o(i.HAL_PWR_DisableWakeUpPin), (16 bytes).
    Removing stm32f4xx_hal_pwr.o(i.HAL_PWR_EnableBkUpAccess), (24 bytes).
    Removing stm32f4xx_hal_pwr.o(i.HAL_PWR_EnablePVD), (24 bytes).
    Removing stm32f4xx_hal_pwr.o(i.HAL_PWR_EnableSEVOnPend), (16 bytes).
    Removing stm32f4xx_hal_pwr.o(i.HAL_PWR_EnableSleepOnExit), (16 bytes).
    Removing stm32f4xx_hal_pwr.o(i.HAL_PWR_EnableWakeUpPin), (16 bytes).
    Removing stm32f4xx_hal_pwr.o(i.HAL_PWR_EnterSLEEPMode), (32 bytes).
    Removing stm32f4xx_hal_pwr.o(i.HAL_PWR_EnterSTANDBYMode), (32 bytes).
    Removing stm32f4xx_hal_pwr.o(i.HAL_PWR_EnterSTOPMode), (56 bytes).
    Removing stm32f4xx_hal_pwr.o(i.HAL_PWR_PVDCallback), (2 bytes).
    Removing stm32f4xx_hal_pwr.o(i.HAL_PWR_PVD_IRQHandler), (28 bytes).
    Removing stm32f4xx_hal_flash_ex.o(.rev16_text), (4 bytes).
    Removing stm32f4xx_hal_flash_ex.o(.revsh_text), (4 bytes).
    Removing stm32f4xx_hal_flash_ex.o(.rrx_text), (6 bytes).
    Removing stm32f4xx_hal_flash_ex.o(i.FLASH_Erase_Sector), (88 bytes).
    Removing stm32f4xx_hal_flash_ex.o(i.FLASH_FlushCaches), (84 bytes).
    Removing stm32f4xx_hal_flash_ex.o(i.FLASH_MassErase), (40 bytes).
    Removing stm32f4xx_hal_flash_ex.o(i.HAL_FLASHEx_Erase), (152 bytes).
    Removing stm32f4xx_hal_flash_ex.o(i.HAL_FLASHEx_Erase_IT), (104 bytes).
    Removing stm32f4xx_hal_flash_ex.o(i.HAL_FLASHEx_OBGetConfig), (64 bytes).
    Removing stm32f4xx_hal_flash_ex.o(i.HAL_FLASHEx_OBProgram), (204 bytes).
    Removing stm32f4xx_hal_uart.o(.rev16_text), (4 bytes).
    Removing stm32f4xx_hal_uart.o(.revsh_text), (4 bytes).
    Removing stm32f4xx_hal_uart.o(.rrx_text), (6 bytes).
    Removing stm32f4xx_hal_uart.o(i.HAL_HalfDuplex_EnableReceiver), (50 bytes).
    Removing stm32f4xx_hal_uart.o(i.HAL_HalfDuplex_EnableTransmitter), (50 bytes).
    Removing stm32f4xx_hal_uart.o(i.HAL_HalfDuplex_Init), (108 bytes).
    Removing stm32f4xx_hal_uart.o(i.HAL_LIN_Init), (128 bytes).
    Removing stm32f4xx_hal_uart.o(i.HAL_LIN_SendBreak), (46 bytes).
    Removing stm32f4xx_hal_uart.o(i.HAL_MultiProcessor_EnterMuteMode), (46 bytes).
    Removing stm32f4xx_hal_uart.o(i.HAL_MultiProcessor_ExitMuteMode), (46 bytes).
    Removing stm32f4xx_hal_uart.o(i.HAL_MultiProcessor_Init), (142 bytes).
    Removing stm32f4xx_hal_uart.o(i.HAL_UART_Abort), (104 bytes).
    Removing stm32f4xx_hal_uart.o(i.HAL_UART_AbortCpltCallback), (2 bytes).
    Removing stm32f4xx_hal_uart.o(i.HAL_UART_AbortReceive), (68 bytes).
    Removing stm32f4xx_hal_uart.o(i.HAL_UART_AbortReceiveCpltCallback), (2 bytes).
    Removing stm32f4xx_hal_uart.o(i.HAL_UART_AbortReceive_IT), (92 bytes).
    Removing stm32f4xx_hal_uart.o(i.HAL_UART_AbortTransmit), (58 bytes).
    Removing stm32f4xx_hal_uart.o(i.HAL_UART_AbortTransmitCpltCallback), (2 bytes).
    Removing stm32f4xx_hal_uart.o(i.HAL_UART_AbortTransmit_IT), (84 bytes).
    Removing stm32f4xx_hal_uart.o(i.HAL_UART_Abort_IT), (172 bytes).
    Removing stm32f4xx_hal_uart.o(i.HAL_UART_DMAPause), (102 bytes).
    Removing stm32f4xx_hal_uart.o(i.HAL_UART_DMAResume), (94 bytes).
    Removing stm32f4xx_hal_uart.o(i.HAL_UART_DMAStop), (88 bytes).
    Removing stm32f4xx_hal_uart.o(i.HAL_UART_DeInit), (40 bytes).
    Removing stm32f4xx_hal_uart.o(i.HAL_UART_ErrorCallback), (2 bytes).
    Removing stm32f4xx_hal_uart.o(i.HAL_UART_GetError), (4 bytes).
    Removing stm32f4xx_hal_uart.o(i.HAL_UART_GetState), (10 bytes).
    Removing stm32f4xx_hal_uart.o(i.HAL_UART_IRQHandler), (272 bytes).
    Removing stm32f4xx_hal_uart.o(i.HAL_UART_MspDeInit), (2 bytes).
    Removing stm32f4xx_hal_uart.o(i.HAL_UART_MspInit), (2 bytes).
    Removing stm32f4xx_hal_uart.o(i.HAL_UART_Receive), (184 bytes).
    Removing stm32f4xx_hal_uart.o(i.HAL_UART_Receive_DMA), (152 bytes).
    Removing stm32f4xx_hal_uart.o(i.HAL_UART_Receive_IT), (72 bytes).
    Removing stm32f4xx_hal_uart.o(i.HAL_UART_RxCpltCallback), (2 bytes).
    Removing stm32f4xx_hal_uart.o(i.HAL_UART_RxHalfCpltCallback), (2 bytes).
    Removing stm32f4xx_hal_uart.o(i.HAL_UART_Transmit), (186 bytes).
    Removing stm32f4xx_hal_uart.o(i.HAL_UART_Transmit_DMA), (128 bytes).
    Removing stm32f4xx_hal_uart.o(i.HAL_UART_Transmit_IT), (62 bytes).
    Removing stm32f4xx_hal_uart.o(i.HAL_UART_TxCpltCallback), (2 bytes).
    Removing stm32f4xx_hal_uart.o(i.HAL_UART_TxHalfCpltCallback), (2 bytes).
    Removing stm32f4xx_hal_uart.o(i.UART_DMAAbortOnError), (16 bytes).
    Removing stm32f4xx_hal_uart.o(i.UART_DMAError), (74 bytes).
    Removing stm32f4xx_hal_uart.o(i.UART_DMAReceiveCplt), (60 bytes).
    Removing stm32f4xx_hal_uart.o(i.UART_DMARxAbortCallback), (42 bytes).
    Removing stm32f4xx_hal_uart.o(i.UART_DMARxHalfCplt), (10 bytes).
    Removing stm32f4xx_hal_uart.o(i.UART_DMARxOnlyAbortCallback), (20 bytes).
    Removing stm32f4xx_hal_uart.o(i.UART_DMATransmitCplt), (46 bytes).
    Removing stm32f4xx_hal_uart.o(i.UART_DMATxAbortCallback), (42 bytes).
    Removing stm32f4xx_hal_uart.o(i.UART_DMATxHalfCplt), (10 bytes).
    Removing stm32f4xx_hal_uart.o(i.UART_DMATxOnlyAbortCallback), (20 bytes).
    Removing stm32f4xx_hal_uart.o(i.UART_EndRxTransfer), (28 bytes).
    Removing stm32f4xx_hal_uart.o(i.UART_EndTxTransfer), (18 bytes).
    Removing stm32f4xx_hal_uart.o(i.UART_Receive_IT), (140 bytes).
    Removing stm32f4xx_hal_uart.o(i.UART_Transmit_IT), (98 bytes).
    Removing stm32f4xx_hal_uart.o(i.UART_WaitOnFlagUntilTimeout), (100 bytes).
    Removing ucosii_demo.o(.rev16_text), (4 bytes).
    Removing ucosii_demo.o(.revsh_text), (4 bytes).
    Removing ucosii_demo.o(.rrx_text), (6 bytes).
    Removing ucosii_demo.o(i.USER_Print_Decimal), (44 bytes).
    Removing ucosii_demo.o(i.USER_Print_OSIdleCtr), (56 bytes).
    Removing usart_it.o(.rev16_text), (4 bytes).
    Removing usart_it.o(.revsh_text), (4 bytes).
    Removing usart_it.o(.rrx_text), (6 bytes).
    Removing usart_it.o(i.Uart_Sendbuf_Get), (60 bytes).
    Removing keyscan_demo.o(.rev16_text), (4 bytes).
    Removing keyscan_demo.o(.revsh_text), (4 bytes).
    Removing keyscan_demo.o(.rrx_text), (6 bytes).
    Removing message.o(.rev16_text), (4 bytes).
    Removing message.o(.revsh_text), (4 bytes).
    Removing message.o(.rrx_text), (6 bytes).
    Removing dadd.o(.text), (334 bytes).
    Removing dmul.o(.text), (228 bytes).
    Removing ddiv.o(.text), (222 bytes).
    Removing dfixul.o(.text), (48 bytes).
    Removing cdrcmple.o(.text), (48 bytes).
    Removing depilogue.o(.text), (186 bytes).

311 unused section(s) (total 20178 bytes) removed from the image.

==============================================================================

Image Symbol Table

    Local Symbols

    Symbol Name                              Value     Ov Type        Size  Object(Section)

    ../Drivers/STM32F4xx_HAL_Driver/Src/stm32f4xx_hal.c 0x00000000   Number         0  stm32f4xx_hal.o ABSOLUTE
    ../Drivers/STM32F4xx_HAL_Driver/Src/stm32f4xx_hal_cortex.c 0x00000000   Number         0  stm32f4xx_hal_cortex.o ABSOLUTE
    ../Drivers/STM32F4xx_HAL_Driver/Src/stm32f4xx_hal_dma.c 0x00000000   Number         0  stm32f4xx_hal_dma.o ABSOLUTE
    ../Drivers/STM32F4xx_HAL_Driver/Src/stm32f4xx_hal_dma_ex.c 0x00000000   Number         0  stm32f4xx_hal_dma_ex.o ABSOLUTE
    ../Drivers/STM32F4xx_HAL_Driver/Src/stm32f4xx_hal_flash.c 0x00000000   Number         0  stm32f4xx_hal_flash.o ABSOLUTE
    ../Drivers/STM32F4xx_HAL_Driver/Src/stm32f4xx_hal_flash_ex.c 0x00000000   Number         0  stm32f4xx_hal_flash_ex.o ABSOLUTE
    ../Drivers/STM32F4xx_HAL_Driver/Src/stm32f4xx_hal_flash_ramfunc.c 0x00000000   Number         0  stm32f4xx_hal_flash_ramfunc.o ABSOLUTE
    ../Drivers/STM32F4xx_HAL_Driver/Src/stm32f4xx_hal_gpio.c 0x00000000   Number         0  stm32f4xx_hal_gpio.o ABSOLUTE
    ../Drivers/STM32F4xx_HAL_Driver/Src/stm32f4xx_hal_pwr.c 0x00000000   Number         0  stm32f4xx_hal_pwr.o ABSOLUTE
    ../Drivers/STM32F4xx_HAL_Driver/Src/stm32f4xx_hal_pwr_ex.c 0x00000000   Number         0  stm32f4xx_hal_pwr_ex.o ABSOLUTE
    ../Drivers/STM32F4xx_HAL_Driver/Src/stm32f4xx_hal_rcc.c 0x00000000   Number         0  stm32f4xx_hal_rcc.o ABSOLUTE
    ../Drivers/STM32F4xx_HAL_Driver/Src/stm32f4xx_hal_rcc_ex.c 0x00000000   Number         0  stm32f4xx_hal_rcc_ex.o ABSOLUTE
    ../Drivers/STM32F4xx_HAL_Driver/Src/stm32f4xx_hal_tim.c 0x00000000   Number         0  stm32f4xx_hal_tim.o ABSOLUTE
    ../Drivers/STM32F4xx_HAL_Driver/Src/stm32f4xx_hal_tim_ex.c 0x00000000   Number         0  stm32f4xx_hal_tim_ex.o ABSOLUTE
    ../Drivers/STM32F4xx_HAL_Driver/Src/stm32f4xx_hal_uart.c 0x00000000   Number         0  stm32f4xx_hal_uart.o ABSOLUTE
    ../Src/gpio.c                            0x00000000   Number         0  gpio.o ABSOLUTE
    ../Src/main.c                            0x00000000   Number         0  main.o ABSOLUTE
    ../Src/stm32f4xx_hal_msp.c               0x00000000   Number         0  stm32f4xx_hal_msp.o ABSOLUTE
    ../Src/stm32f4xx_it.c                    0x00000000   Number         0  stm32f4xx_it.o ABSOLUTE
    ../Src/system_stm32f4xx.c                0x00000000   Number         0  system_stm32f4xx.o ABSOLUTE
    ../Src/usart.c                           0x00000000   Number         0  usart.o ABSOLUTE
    ../clib/microlib/division.c              0x00000000   Number         0  uldiv.o ABSOLUTE
    ../clib/microlib/division.c              0x00000000   Number         0  uidiv.o ABSOLUTE
    ../clib/microlib/init/entry.s            0x00000000   Number         0  entry7a.o ABSOLUTE
    ../clib/microlib/init/entry.s            0x00000000   Number         0  entry2.o ABSOLUTE
    ../clib/microlib/init/entry.s            0x00000000   Number         0  entry5.o ABSOLUTE
    ../clib/microlib/init/entry.s            0x00000000   Number         0  entry11b.o ABSOLUTE
    ../clib/microlib/init/entry.s            0x00000000   Number         0  entry.o ABSOLUTE
    ../clib/microlib/init/entry.s            0x00000000   Number         0  entry11a.o ABSOLUTE
    ../clib/microlib/init/entry.s            0x00000000   Number         0  entry9a.o ABSOLUTE
    ../clib/microlib/init/entry.s            0x00000000   Number         0  entry9b.o ABSOLUTE
    ../clib/microlib/init/entry.s            0x00000000   Number         0  entry8b.o ABSOLUTE
    ../clib/microlib/init/entry.s            0x00000000   Number         0  entry8a.o ABSOLUTE
    ../clib/microlib/init/entry.s            0x00000000   Number         0  entry10a.o ABSOLUTE
    ../clib/microlib/init/entry.s            0x00000000   Number         0  entry7b.o ABSOLUTE
    ../clib/microlib/init/entry.s            0x00000000   Number         0  entry10b.o ABSOLUTE
    ../clib/microlib/longlong.c              0x00000000   Number         0  llshl.o ABSOLUTE
    ../clib/microlib/longlong.c              0x00000000   Number         0  llushr.o ABSOLUTE
    ../clib/microlib/longlong.c              0x00000000   Number         0  llsshr.o ABSOLUTE
    ../clib/microlib/printf/printf.c         0x00000000   Number         0  printf0.o ABSOLUTE
    ../clib/microlib/printf/printf.c         0x00000000   Number         0  printf3.o ABSOLUTE
    ../clib/microlib/printf/printf.c         0x00000000   Number         0  printfa.o ABSOLUTE
    ../clib/microlib/printf/printf.c         0x00000000   Number         0  printf8.o ABSOLUTE
    ../clib/microlib/printf/printf.c         0x00000000   Number         0  printf7.o ABSOLUTE
    ../clib/microlib/printf/printf.c         0x00000000   Number         0  printf5.o ABSOLUTE
    ../clib/microlib/printf/printf.c         0x00000000   Number         0  printf4.o ABSOLUTE
    ../clib/microlib/printf/printf.c         0x00000000   Number         0  printf2.o ABSOLUTE
    ../clib/microlib/printf/printf.c         0x00000000   Number         0  printfb.o ABSOLUTE
    ../clib/microlib/printf/printf.c         0x00000000   Number         0  printf6.o ABSOLUTE
    ../clib/microlib/printf/printf.c         0x00000000   Number         0  printf1.o ABSOLUTE
    ../clib/microlib/printf/stubs.s          0x00000000   Number         0  stubs.o ABSOLUTE
    ../clib/microlib/stdio/fputc.c           0x00000000   Number         0  fputc.o ABSOLUTE
    ../clib/microlib/stdio/semi.s            0x00000000   Number         0  semi.o ABSOLUTE
    ../clib/microlib/stdio/streams.c         0x00000000   Number         0  stdout.o ABSOLUTE
    ../clib/microlib/stubs.s                 0x00000000   Number         0  iusefp.o ABSOLUTE
    ../clib/microlib/stubs.s                 0x00000000   Number         0  iusesemip.o ABSOLUTE
    ../fplib/microlib/fpadd.c                0x00000000   Number         0  dadd.o ABSOLUTE
    ../fplib/microlib/fpdiv.c                0x00000000   Number         0  ddiv.o ABSOLUTE
    ../fplib/microlib/fpepilogue.c           0x00000000   Number         0  depilogue.o ABSOLUTE
    ../fplib/microlib/fpfix.c                0x00000000   Number         0  dfixul.o ABSOLUTE
    ../fplib/microlib/fpmul.c                0x00000000   Number         0  dmul.o ABSOLUTE
    ..\Drivers\STM32F4xx_HAL_Driver\Src\stm32f4xx_hal.c 0x00000000   Number         0  stm32f4xx_hal.o ABSOLUTE
    ..\Drivers\STM32F4xx_HAL_Driver\Src\stm32f4xx_hal_cortex.c 0x00000000   Number         0  stm32f4xx_hal_cortex.o ABSOLUTE
    ..\Drivers\STM32F4xx_HAL_Driver\Src\stm32f4xx_hal_dma.c 0x00000000   Number         0  stm32f4xx_hal_dma.o ABSOLUTE
    ..\Drivers\STM32F4xx_HAL_Driver\Src\stm32f4xx_hal_dma_ex.c 0x00000000   Number         0  stm32f4xx_hal_dma_ex.o ABSOLUTE
    ..\Drivers\STM32F4xx_HAL_Driver\Src\stm32f4xx_hal_flash.c 0x00000000   Number         0  stm32f4xx_hal_flash.o ABSOLUTE
    ..\Drivers\STM32F4xx_HAL_Driver\Src\stm32f4xx_hal_flash_ex.c 0x00000000   Number         0  stm32f4xx_hal_flash_ex.o ABSOLUTE
    ..\Drivers\STM32F4xx_HAL_Driver\Src\stm32f4xx_hal_flash_ramfunc.c 0x00000000   Number         0  stm32f4xx_hal_flash_ramfunc.o ABSOLUTE
    ..\Drivers\STM32F4xx_HAL_Driver\Src\stm32f4xx_hal_gpio.c 0x00000000   Number         0  stm32f4xx_hal_gpio.o ABSOLUTE
    ..\Drivers\STM32F4xx_HAL_Driver\Src\stm32f4xx_hal_pwr.c 0x00000000   Number         0  stm32f4xx_hal_pwr.o ABSOLUTE
    ..\Drivers\STM32F4xx_HAL_Driver\Src\stm32f4xx_hal_pwr_ex.c 0x00000000   Number         0  stm32f4xx_hal_pwr_ex.o ABSOLUTE
    ..\Drivers\STM32F4xx_HAL_Driver\Src\stm32f4xx_hal_rcc.c 0x00000000   Number         0  stm32f4xx_hal_rcc.o ABSOLUTE
    ..\Drivers\STM32F4xx_HAL_Driver\Src\stm32f4xx_hal_rcc_ex.c 0x00000000   Number         0  stm32f4xx_hal_rcc_ex.o ABSOLUTE
    ..\Drivers\STM32F4xx_HAL_Driver\Src\stm32f4xx_hal_tim.c 0x00000000   Number         0  stm32f4xx_hal_tim.o ABSOLUTE
    ..\Drivers\STM32F4xx_HAL_Driver\Src\stm32f4xx_hal_tim_ex.c 0x00000000   Number         0  stm32f4xx_hal_tim_ex.o ABSOLUTE
    ..\Drivers\STM32F4xx_HAL_Driver\Src\stm32f4xx_hal_uart.c 0x00000000   Number         0  stm32f4xx_hal_uart.o ABSOLUTE
    ..\Src\gpio.c                            0x00000000   Number         0  gpio.o ABSOLUTE
    ..\Src\main.c                            0x00000000   Number         0  main.o ABSOLUTE
    ..\Src\stm32f4xx_hal_msp.c               0x00000000   Number         0  stm32f4xx_hal_msp.o ABSOLUTE
    ..\Src\stm32f4xx_it.c                    0x00000000   Number         0  stm32f4xx_it.o ABSOLUTE
    ..\Src\system_stm32f4xx.c                0x00000000   Number         0  system_stm32f4xx.o ABSOLUTE
    ..\Src\usart.c                           0x00000000   Number         0  usart.o ABSOLUTE
    ..\User\keyscan_demo.c                   0x00000000   Number         0  keyscan_demo.o ABSOLUTE
    ..\User\message.c                        0x00000000   Number         0  message.o ABSOLUTE
    ..\User\uCOSII_Demo.c                    0x00000000   Number         0  ucosii_demo.o ABSOLUTE
    ..\User\usart_it.c                       0x00000000   Number         0  usart_it.o ABSOLUTE
    ..\\User\\keyscan_demo.c                 0x00000000   Number         0  keyscan_demo.o ABSOLUTE
    ..\\User\\message.c                      0x00000000   Number         0  message.o ABSOLUTE
    ..\\User\\uCOSII_Demo.c                  0x00000000   Number         0  ucosii_demo.o ABSOLUTE
    ..\\User\\usart_it.c                     0x00000000   Number         0  usart_it.o ABSOLUTE
    ..\uCOSii_Port\os_cpu_a.asm              0x00000000   Number         0  os_cpu_a.o ABSOLUTE
    ..\uCOSii_Port\os_cpu_c.c                0x00000000   Number         0  os_cpu_c.o ABSOLUTE
    ..\uCOSii_Port\os_dbg.c                  0x00000000   Number         0  os_dbg.o ABSOLUTE
    ..\uCOSii_Source\os_core.c               0x00000000   Number         0  os_core.o ABSOLUTE
    ..\uCOSii_Source\os_flag.c               0x00000000   Number         0  os_flag.o ABSOLUTE
    ..\uCOSii_Source\os_mbox.c               0x00000000   Number         0  os_mbox.o ABSOLUTE
    ..\uCOSii_Source\os_mem.c                0x00000000   Number         0  os_mem.o ABSOLUTE
    ..\uCOSii_Source\os_mutex.c              0x00000000   Number         0  os_mutex.o ABSOLUTE
    ..\uCOSii_Source\os_q.c                  0x00000000   Number         0  os_q.o ABSOLUTE
    ..\uCOSii_Source\os_sem.c                0x00000000   Number         0  os_sem.o ABSOLUTE
    ..\uCOSii_Source\os_task.c               0x00000000   Number         0  os_task.o ABSOLUTE
    ..\uCOSii_Source\os_time.c               0x00000000   Number         0  os_time.o ABSOLUTE
    ..\uCOSii_Source\os_tmr.c                0x00000000   Number         0  os_tmr.o ABSOLUTE
    cdrcmple.s                               0x00000000   Number         0  cdrcmple.o ABSOLUTE
    dc.s                                     0x00000000   Number         0  dc.o ABSOLUTE
    handlers.s                               0x00000000   Number         0  handlers.o ABSOLUTE
    init.s                                   0x00000000   Number         0  init.o ABSOLUTE
    startup_stm32f407xx.s                    0x00000000   Number         0  startup_stm32f407xx.o ABSOLUTE
    RESET                                    0x08000000   Section      392  startup_stm32f407xx.o(RESET)
    .ARM.Collect$$$$00000000                 0x08000188   Section        0  entry.o(.ARM.Collect$$$$00000000)
    .ARM.Collect$$$$00000001                 0x08000188   Section        4  entry2.o(.ARM.Collect$$$$00000001)
    .ARM.Collect$$$$00000004                 0x0800018c   Section        4  entry5.o(.ARM.Collect$$$$00000004)
    .ARM.Collect$$$$00000008                 0x08000190   Section        0  entry7b.o(.ARM.Collect$$$$00000008)
    .ARM.Collect$$$$0000000A                 0x08000190   Section        0  entry8b.o(.ARM.Collect$$$$0000000A)
    .ARM.Collect$$$$0000000B                 0x08000190   Section        8  entry9a.o(.ARM.Collect$$$$0000000B)
    .ARM.Collect$$$$0000000D                 0x08000198   Section        0  entry10a.o(.ARM.Collect$$$$0000000D)
    .ARM.Collect$$$$0000000F                 0x08000198   Section        0  entry11a.o(.ARM.Collect$$$$0000000F)
    .ARM.Collect$$$$00002712                 0x08000198   Section        4  entry2.o(.ARM.Collect$$$$00002712)
    __lit__00000000                          0x08000198   Data           4  entry2.o(.ARM.Collect$$$$00002712)
    .text                                    0x0800019c   Section      176  os_cpu_a.o(.text)
    $v0                                      0x0800019c   Number         0  os_cpu_a.o(.text)
    .text                                    0x0800024c   Section       36  startup_stm32f407xx.o(.text)
    $v0                                      0x0800024c   Number         0  startup_stm32f407xx.o(.text)
    .text                                    0x08000270   Section       36  init.o(.text)
    i.Error_Handler                          0x08000294   Section        0  main.o(i.Error_Handler)
    i.HAL_GPIO_Init                          0x08000298   Section        0  stm32f4xx_hal_gpio.o(i.HAL_GPIO_Init)
    i.HAL_GPIO_ReadPin                       0x08000448   Section        0  stm32f4xx_hal_gpio.o(i.HAL_GPIO_ReadPin)
    i.HAL_GPIO_TogglePin                     0x08000452   Section        0  stm32f4xx_hal_gpio.o(i.HAL_GPIO_TogglePin)
    i.HAL_GPIO_WritePin                      0x0800045a   Section        0  stm32f4xx_hal_gpio.o(i.HAL_GPIO_WritePin)
    i.HAL_GetTick                            0x08000464   Section        0  stm32f4xx_hal.o(i.HAL_GetTick)
    i.HAL_Init                               0x08000470   Section        0  stm32f4xx_hal.o(i.HAL_Init)
    i.HAL_InitTick                           0x080004a4   Section        0  stm32f4xx_hal.o(i.HAL_InitTick)
    i.HAL_MspInit                            0x080004cc   Section        0  stm32f4xx_hal_msp.o(i.HAL_MspInit)
    i.HAL_NVIC_DisableIRQ                    0x08000524   Section        0  stm32f4xx_hal_cortex.o(i.HAL_NVIC_DisableIRQ)
    i.HAL_NVIC_EnableIRQ                     0x0800053a   Section        0  stm32f4xx_hal_cortex.o(i.HAL_NVIC_EnableIRQ)
    i.HAL_NVIC_SetPriority                   0x08000550   Section        0  stm32f4xx_hal_cortex.o(i.HAL_NVIC_SetPriority)
    i.HAL_NVIC_SetPriorityGrouping           0x08000590   Section        0  stm32f4xx_hal_cortex.o(i.HAL_NVIC_SetPriorityGrouping)
    i.HAL_RCC_ClockConfig                    0x080005b4   Section        0  stm32f4xx_hal_rcc.o(i.HAL_RCC_ClockConfig)
    i.HAL_RCC_GetHCLKFreq                    0x08000730   Section        0  stm32f4xx_hal_rcc.o(i.HAL_RCC_GetHCLKFreq)
    i.HAL_RCC_GetPCLK1Freq                   0x0800073c   Section        0  stm32f4xx_hal_rcc.o(i.HAL_RCC_GetPCLK1Freq)
    i.HAL_RCC_GetPCLK2Freq                   0x0800076c   Section        0  stm32f4xx_hal_rcc.o(i.HAL_RCC_GetPCLK2Freq)
    i.HAL_RCC_GetSysClockFreq                0x0800079c   Section        0  stm32f4xx_hal_rcc.o(i.HAL_RCC_GetSysClockFreq)
    i.HAL_RCC_OscConfig                      0x08000810   Section        0  stm32f4xx_hal_rcc.o(i.HAL_RCC_OscConfig)
    i.HAL_SYSTICK_CLKSourceConfig            0x08000b24   Section        0  stm32f4xx_hal_cortex.o(i.HAL_SYSTICK_CLKSourceConfig)
    i.HAL_SYSTICK_Config                     0x08000b3c   Section        0  stm32f4xx_hal_cortex.o(i.HAL_SYSTICK_Config)
    i.HAL_UART_Init                          0x08000b64   Section        0  stm32f4xx_hal_uart.o(i.HAL_UART_Init)
    i.HAL_UART_MspInit                       0x08000bc8   Section        0  usart.o(i.HAL_UART_MspInit)
    i.KEYx_Down_Process                      0x08000c24   Section        0  keyscan_demo.o(i.KEYx_Down_Process)
    KEYx_Down_Process                        0x08000c25   Thumb Code    46  keyscan_demo.o(i.KEYx_Down_Process)
    i.LED1_light                             0x08000c58   Section        0  ucosii_demo.o(i.LED1_light)
    LED1_light                               0x08000c59   Thumb Code    42  ucosii_demo.o(i.LED1_light)
    i.LED2_light                             0x08000c8c   Section        0  ucosii_demo.o(i.LED2_light)
    LED2_light                               0x08000c8d   Thumb Code    42  ucosii_demo.o(i.LED2_light)
    i.LED3_light                             0x08000cc0   Section        0  ucosii_demo.o(i.LED3_light)
    LED3_light                               0x08000cc1   Thumb Code    42  ucosii_demo.o(i.LED3_light)
    i.LEDx_Task                              0x08000cf4   Section        0  ucosii_demo.o(i.LEDx_Task)
    LEDx_Task                                0x08000cf5   Thumb Code   258  ucosii_demo.o(i.LEDx_Task)
    i.MX_GPIO_Init                           0x08000e70   Section        0  gpio.o(i.MX_GPIO_Init)
    i.MX_USART1_UART_Init                    0x08000f78   Section        0  usart.o(i.MX_USART1_UART_Init)
    i.Msg_MemInit                            0x08000fb0   Section        0  message.o(i.Msg_MemInit)
    i.Msg_MemPut                             0x08000fd0   Section        0  message.o(i.Msg_MemPut)
    i.Msg_SendShort                          0x08000fe0   Section        0  message.o(i.Msg_SendShort)
    i.NVIC_SetPriority                       0x08001040   Section        0  stm32f4xx_hal_cortex.o(i.NVIC_SetPriority)
    NVIC_SetPriority                         0x08001041   Thumb Code    32  stm32f4xx_hal_cortex.o(i.NVIC_SetPriority)
    i.OSInit                                 0x08001060   Section        0  os_core.o(i.OSInit)
    i.OSInitHookBegin                        0x08001134   Section        0  os_cpu_c.o(i.OSInitHookBegin)
    i.OSInitHookEnd                          0x08001158   Section        0  os_cpu_c.o(i.OSInitHookEnd)
    i.OSIntExit                              0x0800115c   Section        0  os_core.o(i.OSIntExit)
    i.OSMemCreate                            0x080011b8   Section        0  os_mem.o(i.OSMemCreate)
    i.OSMemGet                               0x08001218   Section        0  os_mem.o(i.OSMemGet)
    i.OSMemPut                               0x0800124e   Section        0  os_mem.o(i.OSMemPut)
    i.OSQAccept                              0x0800127c   Section        0  os_q.o(i.OSQAccept)
    i.OSQCreate                              0x080012cc   Section        0  os_q.o(i.OSQCreate)
    i.OSQDel                                 0x08001348   Section        0  os_q.o(i.OSQDel)
    i.OSQPend                                0x08001428   Section        0  os_q.o(i.OSQPend)
    i.OSQPost                                0x08001504   Section        0  os_q.o(i.OSQPost)
    i.OSSchedLock                            0x08001570   Section        0  os_core.o(i.OSSchedLock)
    i.OSSchedUnlock                          0x0800159c   Section        0  os_core.o(i.OSSchedUnlock)
    i.OSSemCreate                            0x080015d8   Section        0  os_sem.o(i.OSSemCreate)
    i.OSSemPend                              0x08001618   Section        0  os_sem.o(i.OSSemPend)
    i.OSSemPost                              0x080016d0   Section        0  os_sem.o(i.OSSemPost)
    i.OSStart                                0x08001724   Section        0  os_core.o(i.OSStart)
    i.OSTCBInitHook                          0x08001754   Section        0  os_cpu_c.o(i.OSTCBInitHook)
    i.OSTaskCreate                           0x08001758   Section        0  os_task.o(i.OSTaskCreate)
    i.OSTaskCreateExt                        0x080017e0   Section        0  os_task.o(i.OSTaskCreateExt)
    i.OSTaskCreateHook                       0x0800187c   Section        0  os_cpu_c.o(i.OSTaskCreateHook)
    i.OSTaskDel                              0x08001880   Section        0  os_task.o(i.OSTaskDel)
    i.OSTaskDelHook                          0x080019ac   Section        0  os_cpu_c.o(i.OSTaskDelHook)
    i.OSTaskIdleHook                         0x080019ae   Section        0  os_cpu_c.o(i.OSTaskIdleHook)
    i.OSTaskNameSet                          0x080019b0   Section        0  os_task.o(i.OSTaskNameSet)
    i.OSTaskReturnHook                       0x08001a08   Section        0  os_cpu_c.o(i.OSTaskReturnHook)
    i.OSTaskStkInit                          0x08001a0c   Section        0  os_cpu_c.o(i.OSTaskStkInit)
    i.OSTaskSwHook                           0x08001a84   Section        0  os_cpu_c.o(i.OSTaskSwHook)
    i.OSTimeDly                              0x08001a88   Section        0  os_time.o(i.OSTimeDly)
    i.OSTimeTick                             0x08001af0   Section        0  os_core.o(i.OSTimeTick)
    i.OSTimeTickHook                         0x08001b90   Section        0  os_cpu_c.o(i.OSTimeTickHook)
    i.OSTmrCreate                            0x08001bac   Section        0  os_tmr.o(i.OSTmrCreate)
    i.OSTmrSignal                            0x08001c38   Section        0  os_tmr.o(i.OSTmrSignal)
    i.OSTmrStart                             0x08001c44   Section        0  os_tmr.o(i.OSTmrStart)
    i.OSTmr_Init                             0x08001ca8   Section        0  os_tmr.o(i.OSTmr_Init)
    i.OSTmr_Link                             0x08001d94   Section        0  os_tmr.o(i.OSTmr_Link)
    OSTmr_Link                               0x08001d95   Thumb Code    66  os_tmr.o(i.OSTmr_Link)
    i.OSTmr_Task                             0x08001de0   Section        0  os_tmr.o(i.OSTmr_Task)
    OSTmr_Task                               0x08001de1   Thumb Code   106  os_tmr.o(i.OSTmr_Task)
    i.OSTmr_Unlink                           0x08001e58   Section        0  os_tmr.o(i.OSTmr_Unlink)
    OSTmr_Unlink                             0x08001e59   Thumb Code    58  os_tmr.o(i.OSTmr_Unlink)
    i.OS_CPU_SysTickHandler                  0x08001e98   Section        0  os_cpu_c.o(i.OS_CPU_SysTickHandler)
    i.OS_CPU_USART1_IRQHandler               0x08001ebc   Section        0  usart_it.o(i.OS_CPU_USART1_IRQHandler)
    i.OS_Dummy                               0x08001fb4   Section        0  os_core.o(i.OS_Dummy)
    i.OS_EventTaskRdy                        0x08001fb8   Section        0  os_core.o(i.OS_EventTaskRdy)
    i.OS_EventTaskRemove                     0x0800201c   Section        0  os_core.o(i.OS_EventTaskRemove)
    i.OS_EventTaskWait                       0x0800203c   Section        0  os_core.o(i.OS_EventTaskWait)
    i.OS_EventWaitListInit                   0x08002084   Section        0  os_core.o(i.OS_EventWaitListInit)
    i.OS_InitTCBList                         0x08002098   Section        0  os_core.o(i.OS_InitTCBList)
    OS_InitTCBList                           0x08002099   Thumb Code    94  os_core.o(i.OS_InitTCBList)
    i.OS_MemClr                              0x08002108   Section        0  os_core.o(i.OS_MemClr)
    i.OS_MemInit                             0x0800211c   Section        0  os_mem.o(i.OS_MemInit)
    i.OS_QInit                               0x08002168   Section        0  os_q.o(i.OS_QInit)
    i.OS_Sched                               0x080021a8   Section        0  os_core.o(i.OS_Sched)
    i.OS_SchedNew                            0x080021f0   Section        0  os_core.o(i.OS_SchedNew)
    OS_SchedNew                              0x080021f1   Thumb Code    24  os_core.o(i.OS_SchedNew)
    i.OS_TCBInit                             0x08002210   Section        0  os_core.o(i.OS_TCBInit)
    i.OS_TaskIdle                            0x08002300   Section        0  os_core.o(i.OS_TaskIdle)
    i.OS_TaskReturn                          0x0800231c   Section        0  os_task.o(i.OS_TaskReturn)
    i.OS_TaskStkClr                          0x08002334   Section        0  os_task.o(i.OS_TaskStkClr)
    i.SystemClock_Config                     0x0800234c   Section        0  main.o(i.SystemClock_Config)
    i.SystemInit                             0x080023ec   Section        0  system_stm32f4xx.o(i.SystemInit)
    i.Task_KeyScan_Creat                     0x08002440   Section        0  keyscan_demo.o(i.Task_KeyScan_Creat)
    i.Task_USART1_Creat                      0x08002468   Section        0  usart_it.o(i.Task_USART1_Creat)
    i.UART_SetConfig                         0x0800247c   Section        0  stm32f4xx_hal_uart.o(i.UART_SetConfig)
    UART_SetConfig                           0x0800247d   Thumb Code   676  stm32f4xx_hal_uart.o(i.UART_SetConfig)
    i.USER_USART1_print                      0x08002728   Section        0  usart_it.o(i.USER_USART1_print)
    i.Uart_Sendbuf_Init                      0x08002770   Section        0  usart_it.o(i.Uart_Sendbuf_Init)
    i.User_App_Initial                       0x0800279c   Section        0  ucosii_demo.o(i.User_App_Initial)
    i.__scatterload_copy                     0x08002830   Section       14  handlers.o(i.__scatterload_copy)
    i.__scatterload_null                     0x0800283e   Section        2  handlers.o(i.__scatterload_null)
    i.__scatterload_zeroinit                 0x08002840   Section       14  handlers.o(i.__scatterload_zeroinit)
    i.changeLED_state                        0x08002850   Section        0  ucosii_demo.o(i.changeLED_state)
    changeLED_state                          0x08002851   Thumb Code    52  ucosii_demo.o(i.changeLED_state)
    i.main                                   0x0800288c   Section        0  main.o(i.main)
    i.task_USART1                            0x080028b0   Section        0  usart_it.o(i.task_USART1)
    task_USART1                              0x080028b1   Thumb Code   186  usart_it.o(i.task_USART1)
    i.task_keyscan                           0x080029a0   Section        0  keyscan_demo.o(i.task_keyscan)
    task_keyscan                             0x080029a1   Thumb Code   336  keyscan_demo.o(i.task_keyscan)
    .constdata                               0x08002b48   Section       16  system_stm32f4xx.o(.constdata)
    .constdata                               0x08002b58   Section        8  system_stm32f4xx.o(.constdata)
    .constdata                               0x08002b60   Section      256  os_core.o(.constdata)
    .data                                    0x20000000   Section        4  system_stm32f4xx.o(.data)
    .data                                    0x20000004   Section        8  os_cpu_c.o(.data)
    OSTmrCtr                                 0x20000004   Data           2  os_cpu_c.o(.data)
    .data                                    0x2000000c   Section       52  os_core.o(.data)
    .data                                    0x20000040   Section        4  os_core.o(.data)
    .data                                    0x20000044   Section        4  os_core.o(.data)
    .data                                    0x20000048   Section        2  os_core.o(.data)
    .data                                    0x2000004a   Section        2  os_core.o(.data)
    .data                                    0x2000004c   Section        4  os_core.o(.data)
    .data                                    0x20000050   Section        4  os_core.o(.data)
    .data                                    0x20000054   Section        4  os_core.o(.data)
    .data                                    0x20000058   Section        4  os_core.o(.data)
    .data                                    0x2000005c   Section        4  stm32f4xx_hal.o(.data)
    .data                                    0x20000060   Section       16  usart_it.o(.data)
    Rxmsg_idx                                0x20000060   Data           1  usart_it.o(.data)
    uart_sendbuf_idx                         0x20000061   Data           1  usart_it.o(.data)
    SendBufQid                               0x20000064   Data           4  usart_it.o(.data)
    SendChrP                                 0x20000068   Data           4  usart_it.o(.data)
    uart_sending_bufP                        0x2000006c   Data           4  usart_it.o(.data)
    .data                                    0x20000070   Section        5  keyscan_demo.o(.data)
    .data                                    0x20000078   Section        4  message.o(.data)
    .bss                                     0x2000007c   Section      512  os_cpu_c.o(.bss)
    .bss                                     0x2000027c   Section     1804  os_core.o(.bss)
    .bss                                     0x20000988   Section       72  os_core.o(.bss)
    .bss                                     0x200009d0   Section       96  os_core.o(.bss)
    .bss                                     0x20000a30   Section      640  os_core.o(.bss)
    .bss                                     0x20000cb0   Section      512  os_core.o(.bss)
    .bss                                     0x20000eb0   Section       64  os_core.o(.bss)
    .bss                                     0x20000ef0   Section       64  usart.o(.bss)
    .bss                                     0x20000f30   Section      656  ucosii_demo.o(.bss)
    LED_state                                0x20000f30   Data          12  ucosii_demo.o(.bss)
    LEDx_Task_stk                            0x20000f8c   Data         512  ucosii_demo.o(.bss)
    LED_timer                                0x2000118c   Data          12  ucosii_demo.o(.bss)
    TaskTmrtst_Qarray                        0x20001198   Data          40  ucosii_demo.o(.bss)
    .bss                                     0x200011c0   Section      760  usart_it.o(.bss)
    Task_USART1_Stk                          0x200011c0   Data         512  usart_it.o(.bss)
    TaskUsart1_Qarray                        0x200013c0   Data          40  usart_it.o(.bss)
    uart1_rxmsgbuf                           0x200013e8   Data          16  usart_it.o(.bss)
    uart_sendbuf                             0x20001438   Data         128  usart_it.o(.bss)
    .bss                                     0x200014b8   Section      512  keyscan_demo.o(.bss)
    task_keyscan_stk                         0x200014b8   Data         512  keyscan_demo.o(.bss)
    .bss                                     0x200016b8   Section      160  message.o(.bss)
    STACK                                    0x20001758   Section     1024  startup_stm32f407xx.o(STACK)

    Global Symbols

    Symbol Name                              Value     Ov Type        Size  Object(Section)

    BuildAttributes$$THM_ISAv4$E$P$D$K$B$S$7EM$VFPi3$EXTD16$VFPS$VFMA$PE$A:L22UL41UL21$X:L11$S22US41US21$IEEE1$IW$USESV6$~STKCKD$USESV7$~SHL$OSPACE$ROPI$EBA8$MICROLIB$REQ8$PRES8$EABIv2 0x00000000   Number         0  anon$$obj.o ABSOLUTE
    __ARM_use_no_argv                        0x00000000   Number         0  main.o ABSOLUTE
    _printf_a                                0x00000000   Number         0  stubs.o ABSOLUTE
    _printf_c                                0x00000000   Number         0  stubs.o ABSOLUTE
    _printf_charcount                        0x00000000   Number         0  stubs.o ABSOLUTE
    _printf_d                                0x00000000   Number         0  stubs.o ABSOLUTE
    _printf_e                                0x00000000   Number         0  stubs.o ABSOLUTE
    _printf_f                                0x00000000   Number         0  stubs.o ABSOLUTE
    _printf_flags                            0x00000000   Number         0  stubs.o ABSOLUTE
    _printf_fp_dec                           0x00000000   Number         0  stubs.o ABSOLUTE
    _printf_fp_hex                           0x00000000   Number         0  stubs.o ABSOLUTE
    _printf_g                                0x00000000   Number         0  stubs.o ABSOLUTE
    _printf_i                                0x00000000   Number         0  stubs.o ABSOLUTE
    _printf_int_dec                          0x00000000   Number         0  stubs.o ABSOLUTE
    _printf_l                                0x00000000   Number         0  stubs.o ABSOLUTE
    _printf_lc                               0x00000000   Number         0  stubs.o ABSOLUTE
    _printf_ll                               0x00000000   Number         0  stubs.o ABSOLUTE
    _printf_lld                              0x00000000   Number         0  stubs.o ABSOLUTE
    _printf_lli                              0x00000000   Number         0  stubs.o ABSOLUTE
    _printf_llo                              0x00000000   Number         0  stubs.o ABSOLUTE
    _printf_llu                              0x00000000   Number         0  stubs.o ABSOLUTE
    _printf_llx                              0x00000000   Number         0  stubs.o ABSOLUTE
    _printf_longlong_dec                     0x00000000   Number         0  stubs.o ABSOLUTE
    _printf_longlong_hex                     0x00000000   Number         0  stubs.o ABSOLUTE
    _printf_longlong_oct                     0x00000000   Number         0  stubs.o ABSOLUTE
    _printf_ls                               0x00000000   Number         0  stubs.o ABSOLUTE
    _printf_mbtowc                           0x00000000   Number         0  stubs.o ABSOLUTE
    _printf_n                                0x00000000   Number         0  stubs.o ABSOLUTE
    _printf_o                                0x00000000   Number         0  stubs.o ABSOLUTE
    _printf_p                                0x00000000   Number         0  stubs.o ABSOLUTE
    _printf_percent                          0x00000000   Number         0  stubs.o ABSOLUTE
    _printf_pre_padding                      0x00000000   Number         0  stubs.o ABSOLUTE
    _printf_return_value                     0x00000000   Number         0  stubs.o ABSOLUTE
    _printf_s                                0x00000000   Number         0  stubs.o ABSOLUTE
    _printf_sizespec                         0x00000000   Number         0  stubs.o ABSOLUTE
    _printf_str                              0x00000000   Number         0  stubs.o ABSOLUTE
    _printf_truncate_signed                  0x00000000   Number         0  stubs.o ABSOLUTE
    _printf_truncate_unsigned                0x00000000   Number         0  stubs.o ABSOLUTE
    _printf_u                                0x00000000   Number         0  stubs.o ABSOLUTE
    _printf_wc                               0x00000000   Number         0  stubs.o ABSOLUTE
    _printf_wctomb                           0x00000000   Number         0  stubs.o ABSOLUTE
    _printf_widthprec                        0x00000000   Number         0  stubs.o ABSOLUTE
    _printf_x                                0x00000000   Number         0  stubs.o ABSOLUTE
    __cpp_initialize__aeabi_                  - Undefined Weak Reference
    __cxa_finalize                            - Undefined Weak Reference
    __decompress                              - Undefined Weak Reference
    _clock_init                               - Undefined Weak Reference
    _microlib_exit                            - Undefined Weak Reference
    __Vectors_Size                           0x00000188   Number         0  startup_stm32f407xx.o ABSOLUTE
    __Vectors                                0x08000000   Data           4  startup_stm32f407xx.o(RESET)
    __Vectors_End                            0x08000188   Data           0  startup_stm32f407xx.o(RESET)
    __main                                   0x08000189   Thumb Code     0  entry.o(.ARM.Collect$$$$00000000)
    _main_stk                                0x08000189   Thumb Code     0  entry2.o(.ARM.Collect$$$$00000001)
    _main_scatterload                        0x0800018d   Thumb Code     0  entry5.o(.ARM.Collect$$$$00000004)
    __main_after_scatterload                 0x08000191   Thumb Code     0  entry5.o(.ARM.Collect$$$$00000004)
    _main_clock                              0x08000191   Thumb Code     0  entry7b.o(.ARM.Collect$$$$00000008)
    _main_cpp_init                           0x08000191   Thumb Code     0  entry8b.o(.ARM.Collect$$$$0000000A)
    _main_init                               0x08000191   Thumb Code     0  entry9a.o(.ARM.Collect$$$$0000000B)
    __rt_final_cpp                           0x08000199   Thumb Code     0  entry10a.o(.ARM.Collect$$$$0000000D)
    __rt_final_exit                          0x08000199   Thumb Code     0  entry11a.o(.ARM.Collect$$$$0000000F)
    OS_CPU_SR_Save                           0x0800019d   Thumb Code     0  os_cpu_a.o(.text)
    OS_CPU_SR_Restore                        0x080001a5   Thumb Code     0  os_cpu_a.o(.text)
    OSStartHighRdy                           0x080001ab   Thumb Code     0  os_cpu_a.o(.text)
    OSCtxSw                                  0x080001d3   Thumb Code     0  os_cpu_a.o(.text)
    OSIntCtxSw                               0x080001dd   Thumb Code     0  os_cpu_a.o(.text)
    OS_CPU_PendSVHandler                     0x080001e7   Thumb Code     0  os_cpu_a.o(.text)
    Reset_Handler                            0x0800024d   Thumb Code     8  startup_stm32f407xx.o(.text)
    NMI_Handler                              0x08000255   Thumb Code     2  startup_stm32f407xx.o(.text)
    HardFault_Handler                        0x08000257   Thumb Code     2  startup_stm32f407xx.o(.text)
    MemManage_Handler                        0x08000259   Thumb Code     2  startup_stm32f407xx.o(.text)
    BusFault_Handler                         0x0800025b   Thumb Code     2  startup_stm32f407xx.o(.text)
    UsageFault_Handler                       0x0800025d   Thumb Code     2  startup_stm32f407xx.o(.text)
    SVC_Handler                              0x0800025f   Thumb Code     2  startup_stm32f407xx.o(.text)
    DebugMon_Handler                         0x08000261   Thumb Code     2  startup_stm32f407xx.o(.text)
    ADC_IRQHandler                           0x08000267   Thumb Code     0  startup_stm32f407xx.o(.text)
    CAN1_RX0_IRQHandler                      0x08000267   Thumb Code     0  startup_stm32f407xx.o(.text)
    CAN1_RX1_IRQHandler                      0x08000267   Thumb Code     0  startup_stm32f407xx.o(.text)
    CAN1_SCE_IRQHandler                      0x08000267   Thumb Code     0  startup_stm32f407xx.o(.text)
    CAN1_TX_IRQHandler                       0x08000267   Thumb Code     0  startup_stm32f407xx.o(.text)
    CAN2_RX0_IRQHandler                      0x08000267   Thumb Code     0  startup_stm32f407xx.o(.text)
    CAN2_RX1_IRQHandler                      0x08000267   Thumb Code     0  startup_stm32f407xx.o(.text)
    CAN2_SCE_IRQHandler                      0x08000267   Thumb Code     0  startup_stm32f407xx.o(.text)
    CAN2_TX_IRQHandler                       0x08000267   Thumb Code     0  startup_stm32f407xx.o(.text)
    DCMI_IRQHandler                          0x08000267   Thumb Code     0  startup_stm32f407xx.o(.text)
    DMA1_Stream0_IRQHandler                  0x08000267   Thumb Code     0  startup_stm32f407xx.o(.text)
    DMA1_Stream1_IRQHandler                  0x08000267   Thumb Code     0  startup_stm32f407xx.o(.text)
    DMA1_Stream2_IRQHandler                  0x08000267   Thumb Code     0  startup_stm32f407xx.o(.text)
    DMA1_Stream3_IRQHandler                  0x08000267   Thumb Code     0  startup_stm32f407xx.o(.text)
    DMA1_Stream4_IRQHandler                  0x08000267   Thumb Code     0  startup_stm32f407xx.o(.text)
    DMA1_Stream5_IRQHandler                  0x08000267   Thumb Code     0  startup_stm32f407xx.o(.text)
    DMA1_Stream6_IRQHandler                  0x08000267   Thumb Code     0  startup_stm32f407xx.o(.text)
    DMA1_Stream7_IRQHandler                  0x08000267   Thumb Code     0  startup_stm32f407xx.o(.text)
    DMA2_Stream0_IRQHandler                  0x08000267   Thumb Code     0  startup_stm32f407xx.o(.text)
    DMA2_Stream1_IRQHandler                  0x08000267   Thumb Code     0  startup_stm32f407xx.o(.text)
    DMA2_Stream2_IRQHandler                  0x08000267   Thumb Code     0  startup_stm32f407xx.o(.text)
    DMA2_Stream3_IRQHandler                  0x08000267   Thumb Code     0  startup_stm32f407xx.o(.text)
    DMA2_Stream4_IRQHandler                  0x08000267   Thumb Code     0  startup_stm32f407xx.o(.text)
    DMA2_Stream5_IRQHandler                  0x08000267   Thumb Code     0  startup_stm32f407xx.o(.text)
    DMA2_Stream6_IRQHandler                  0x08000267   Thumb Code     0  startup_stm32f407xx.o(.text)
    DMA2_Stream7_IRQHandler                  0x08000267   Thumb Code     0  startup_stm32f407xx.o(.text)
    ETH_IRQHandler                           0x08000267   Thumb Code     0  startup_stm32f407xx.o(.text)
    ETH_WKUP_IRQHandler                      0x08000267   Thumb Code     0  startup_stm32f407xx.o(.text)
    EXTI0_IRQHandler                         0x08000267   Thumb Code     0  startup_stm32f407xx.o(.text)
    EXTI15_10_IRQHandler                     0x08000267   Thumb Code     0  startup_stm32f407xx.o(.text)
    EXTI1_IRQHandler                         0x08000267   Thumb Code     0  startup_stm32f407xx.o(.text)
    EXTI2_IRQHandler                         0x08000267   Thumb Code     0  startup_stm32f407xx.o(.text)
    EXTI3_IRQHandler                         0x08000267   Thumb Code     0  startup_stm32f407xx.o(.text)
    EXTI4_IRQHandler                         0x08000267   Thumb Code     0  startup_stm32f407xx.o(.text)
    EXTI9_5_IRQHandler                       0x08000267   Thumb Code     0  startup_stm32f407xx.o(.text)
    FLASH_IRQHandler                         0x08000267   Thumb Code     0  startup_stm32f407xx.o(.text)
    FMC_IRQHandler                           0x08000267   Thumb Code     0  startup_stm32f407xx.o(.text)
    FPU_IRQHandler                           0x08000267   Thumb Code     0  startup_stm32f407xx.o(.text)
    HASH_RNG_IRQHandler                      0x08000267   Thumb Code     0  startup_stm32f407xx.o(.text)
    I2C1_ER_IRQHandler                       0x08000267   Thumb Code     0  startup_stm32f407xx.o(.text)
    I2C1_EV_IRQHandler                       0x08000267   Thumb Code     0  startup_stm32f407xx.o(.text)
    I2C2_ER_IRQHandler                       0x08000267   Thumb Code     0  startup_stm32f407xx.o(.text)
    I2C2_EV_IRQHandler                       0x08000267   Thumb Code     0  startup_stm32f407xx.o(.text)
    I2C3_ER_IRQHandler                       0x08000267   Thumb Code     0  startup_stm32f407xx.o(.text)
    I2C3_EV_IRQHandler                       0x08000267   Thumb Code     0  startup_stm32f407xx.o(.text)
    OTG_FS_IRQHandler                        0x08000267   Thumb Code     0  startup_stm32f407xx.o(.text)
    OTG_FS_WKUP_IRQHandler                   0x08000267   Thumb Code     0  startup_stm32f407xx.o(.text)
    OTG_HS_EP1_IN_IRQHandler                 0x08000267   Thumb Code     0  startup_stm32f407xx.o(.text)
    OTG_HS_EP1_OUT_IRQHandler                0x08000267   Thumb Code     0  startup_stm32f407xx.o(.text)
    OTG_HS_IRQHandler                        0x08000267   Thumb Code     0  startup_stm32f407xx.o(.text)
    OTG_HS_WKUP_IRQHandler                   0x08000267   Thumb Code     0  startup_stm32f407xx.o(.text)
    PVD_IRQHandler                           0x08000267   Thumb Code     0  startup_stm32f407xx.o(.text)
    RCC_IRQHandler                           0x08000267   Thumb Code     0  startup_stm32f407xx.o(.text)
    RTC_Alarm_IRQHandler                     0x08000267   Thumb Code     0  startup_stm32f407xx.o(.text)
    RTC_WKUP_IRQHandler                      0x08000267   Thumb Code     0  startup_stm32f407xx.o(.text)
    SDIO_IRQHandler                          0x08000267   Thumb Code     0  startup_stm32f407xx.o(.text)
    SPI1_IRQHandler                          0x08000267   Thumb Code     0  startup_stm32f407xx.o(.text)
    SPI2_IRQHandler                          0x08000267   Thumb Code     0  startup_stm32f407xx.o(.text)
    SPI3_IRQHandler                          0x08000267   Thumb Code     0  startup_stm32f407xx.o(.text)
    TAMP_STAMP_IRQHandler                    0x08000267   Thumb Code     0  startup_stm32f407xx.o(.text)
    TIM1_BRK_TIM9_IRQHandler                 0x08000267   Thumb Code     0  startup_stm32f407xx.o(.text)
    TIM1_CC_IRQHandler                       0x08000267   Thumb Code     0  startup_stm32f407xx.o(.text)
    TIM1_TRG_COM_TIM11_IRQHandler            0x08000267   Thumb Code     0  startup_stm32f407xx.o(.text)
    TIM1_UP_TIM10_IRQHandler                 0x08000267   Thumb Code     0  startup_stm32f407xx.o(.text)
    TIM2_IRQHandler                          0x08000267   Thumb Code     0  startup_stm32f407xx.o(.text)
    TIM3_IRQHandler                          0x08000267   Thumb Code     0  startup_stm32f407xx.o(.text)
    TIM4_IRQHandler                          0x08000267   Thumb Code     0  startup_stm32f407xx.o(.text)
    TIM5_IRQHandler                          0x08000267   Thumb Code     0  startup_stm32f407xx.o(.text)
    TIM6_DAC_IRQHandler                      0x08000267   Thumb Code     0  startup_stm32f407xx.o(.text)
    TIM7_IRQHandler                          0x08000267   Thumb Code     0  startup_stm32f407xx.o(.text)
    TIM8_BRK_TIM12_IRQHandler                0x08000267   Thumb Code     0  startup_stm32f407xx.o(.text)
    TIM8_CC_IRQHandler                       0x08000267   Thumb Code     0  startup_stm32f407xx.o(.text)
    TIM8_TRG_COM_TIM14_IRQHandler            0x08000267   Thumb Code     0  startup_stm32f407xx.o(.text)
    TIM8_UP_TIM13_IRQHandler                 0x08000267   Thumb Code     0  startup_stm32f407xx.o(.text)
    UART4_IRQHandler                         0x08000267   Thumb Code     0  startup_stm32f407xx.o(.text)
    UART5_IRQHandler                         0x08000267   Thumb Code     0  startup_stm32f407xx.o(.text)
    USART2_IRQHandler                        0x08000267   Thumb Code     0  startup_stm32f407xx.o(.text)
    USART3_IRQHandler                        0x08000267   Thumb Code     0  startup_stm32f407xx.o(.text)
    USART6_IRQHandler                        0x08000267   Thumb Code     0  startup_stm32f407xx.o(.text)
    WWDG_IRQHandler                          0x08000267   Thumb Code     0  startup_stm32f407xx.o(.text)
    __scatterload                            0x08000271   Thumb Code    28  init.o(.text)
    __scatterload_rt2                        0x08000271   Thumb Code     0  init.o(.text)
    Error_Handler                            0x08000295   Thumb Code     2  main.o(i.Error_Handler)
    HAL_GPIO_Init                            0x08000299   Thumb Code   388  stm32f4xx_hal_gpio.o(i.HAL_GPIO_Init)
    HAL_GPIO_ReadPin                         0x08000449   Thumb Code    10  stm32f4xx_hal_gpio.o(i.HAL_GPIO_ReadPin)
    HAL_GPIO_TogglePin                       0x08000453   Thumb Code     8  stm32f4xx_hal_gpio.o(i.HAL_GPIO_TogglePin)
    HAL_GPIO_WritePin                        0x0800045b   Thumb Code    10  stm32f4xx_hal_gpio.o(i.HAL_GPIO_WritePin)
    HAL_GetTick                              0x08000465   Thumb Code     6  stm32f4xx_hal.o(i.HAL_GetTick)
    HAL_Init                                 0x08000471   Thumb Code    48  stm32f4xx_hal.o(i.HAL_Init)
    HAL_InitTick                             0x080004a5   Thumb Code    34  stm32f4xx_hal.o(i.HAL_InitTick)
    HAL_MspInit                              0x080004cd   Thumb Code    88  stm32f4xx_hal_msp.o(i.HAL_MspInit)
    HAL_NVIC_DisableIRQ                      0x08000525   Thumb Code    22  stm32f4xx_hal_cortex.o(i.HAL_NVIC_DisableIRQ)
    HAL_NVIC_EnableIRQ                       0x0800053b   Thumb Code    22  stm32f4xx_hal_cortex.o(i.HAL_NVIC_EnableIRQ)
    HAL_NVIC_SetPriority                     0x08000551   Thumb Code    60  stm32f4xx_hal_cortex.o(i.HAL_NVIC_SetPriority)
    HAL_NVIC_SetPriorityGrouping             0x08000591   Thumb Code    26  stm32f4xx_hal_cortex.o(i.HAL_NVIC_SetPriorityGrouping)
    HAL_RCC_ClockConfig                      0x080005b5   Thumb Code   364  stm32f4xx_hal_rcc.o(i.HAL_RCC_ClockConfig)
    HAL_RCC_GetHCLKFreq                      0x08000731   Thumb Code     6  stm32f4xx_hal_rcc.o(i.HAL_RCC_GetHCLKFreq)
    HAL_RCC_GetPCLK1Freq                     0x0800073d   Thumb Code    34  stm32f4xx_hal_rcc.o(i.HAL_RCC_GetPCLK1Freq)
    HAL_RCC_GetPCLK2Freq                     0x0800076d   Thumb Code    34  stm32f4xx_hal_rcc.o(i.HAL_RCC_GetPCLK2Freq)
    HAL_RCC_GetSysClockFreq                  0x0800079d   Thumb Code   104  stm32f4xx_hal_rcc.o(i.HAL_RCC_GetSysClockFreq)
    HAL_RCC_OscConfig                        0x08000811   Thumb Code   770  stm32f4xx_hal_rcc.o(i.HAL_RCC_OscConfig)
    HAL_SYSTICK_CLKSourceConfig              0x08000b25   Thumb Code    24  stm32f4xx_hal_cortex.o(i.HAL_SYSTICK_CLKSourceConfig)
    HAL_SYSTICK_Config                       0x08000b3d   Thumb Code    40  stm32f4xx_hal_cortex.o(i.HAL_SYSTICK_Config)
    HAL_UART_Init                            0x08000b65   Thumb Code    98  stm32f4xx_hal_uart.o(i.HAL_UART_Init)
    HAL_UART_MspInit                         0x08000bc9   Thumb Code    80  usart.o(i.HAL_UART_MspInit)
    MX_GPIO_Init                             0x08000e71   Thumb Code   240  gpio.o(i.MX_GPIO_Init)
    MX_USART1_UART_Init                      0x08000f79   Thumb Code    48  usart.o(i.MX_USART1_UART_Init)
    Msg_MemInit                              0x08000fb1   Thumb Code    24  message.o(i.Msg_MemInit)
    Msg_MemPut                               0x08000fd1   Thumb Code    10  message.o(i.Msg_MemPut)
    Msg_SendShort                            0x08000fe1   Thumb Code    88  message.o(i.Msg_SendShort)
    OSInit                                   0x08001061   Thumb Code   182  os_core.o(i.OSInit)
    OSInitHookBegin                          0x08001135   Thumb Code    22  os_cpu_c.o(i.OSInitHookBegin)
    OSInitHookEnd                            0x08001159   Thumb Code     2  os_cpu_c.o(i.OSInitHookEnd)
    OSIntExit                                0x0800115d   Thumb Code    82  os_core.o(i.OSIntExit)
    OSMemCreate                              0x080011b9   Thumb Code    90  os_mem.o(i.OSMemCreate)
    OSMemGet                                 0x08001219   Thumb Code    54  os_mem.o(i.OSMemGet)
    OSMemPut                                 0x0800124f   Thumb Code    46  os_mem.o(i.OSMemPut)
    OSQAccept                                0x0800127d   Thumb Code    78  os_q.o(i.OSQAccept)
    OSQCreate                                0x080012cd   Thumb Code   110  os_q.o(i.OSQCreate)
    OSQDel                                   0x08001349   Thumb Code   210  os_q.o(i.OSQDel)
    OSQPend                                  0x08001429   Thumb Code   206  os_q.o(i.OSQPend)
    OSQPost                                  0x08001505   Thumb Code   106  os_q.o(i.OSQPost)
    OSSchedLock                              0x08001571   Thumb Code    38  os_core.o(i.OSSchedLock)
    OSSchedUnlock                            0x0800159d   Thumb Code    54  os_core.o(i.OSSchedUnlock)
    OSSemCreate                              0x080015d9   Thumb Code    54  os_sem.o(i.OSSemCreate)
    OSSemPend                                0x08001619   Thumb Code   172  os_sem.o(i.OSSemPend)
    OSSemPost                                0x080016d1   Thumb Code    82  os_sem.o(i.OSSemPost)
    OSStart                                  0x08001725   Thumb Code    38  os_core.o(i.OSStart)
    OSTCBInitHook                            0x08001755   Thumb Code     2  os_cpu_c.o(i.OSTCBInitHook)
    OSTaskCreate                             0x08001759   Thumb Code   124  os_task.o(i.OSTaskCreate)
    OSTaskCreateExt                          0x080017e1   Thumb Code   144  os_task.o(i.OSTaskCreateExt)
    OSTaskCreateHook                         0x0800187d   Thumb Code     2  os_cpu_c.o(i.OSTaskCreateHook)
    OSTaskDel                                0x08001881   Thumb Code   256  os_task.o(i.OSTaskDel)
    OSTaskDelHook                            0x080019ad   Thumb Code     2  os_cpu_c.o(i.OSTaskDelHook)
    OSTaskIdleHook                           0x080019af   Thumb Code     2  os_cpu_c.o(i.OSTaskIdleHook)
    OSTaskNameSet                            0x080019b1   Thumb Code    76  os_task.o(i.OSTaskNameSet)
    OSTaskReturnHook                         0x08001a09   Thumb Code     2  os_cpu_c.o(i.OSTaskReturnHook)
    OSTaskStkInit                            0x08001a0d   Thumb Code   114  os_cpu_c.o(i.OSTaskStkInit)
    OSTaskSwHook                             0x08001a85   Thumb Code     2  os_cpu_c.o(i.OSTaskSwHook)
    OSTimeDly                                0x08001a89   Thumb Code    82  os_time.o(i.OSTimeDly)
    OSTimeTick                               0x08001af1   Thumb Code   154  os_core.o(i.OSTimeTick)
    OSTimeTickHook                           0x08001b91   Thumb Code    24  os_cpu_c.o(i.OSTimeTickHook)
    OSTmrCreate                              0x08001bad   Thumb Code   118  os_tmr.o(i.OSTmrCreate)
    OSTmrSignal                              0x08001c39   Thumb Code     8  os_tmr.o(i.OSTmrSignal)
    OSTmrStart                               0x08001c45   Thumb Code    96  os_tmr.o(i.OSTmrStart)
    OSTmr_Init                               0x08001ca9   Thumb Code   174  os_tmr.o(i.OSTmr_Init)
    OS_CPU_SysTickHandler                    0x08001e99   Thumb Code    30  os_cpu_c.o(i.OS_CPU_SysTickHandler)
    OS_CPU_USART1_IRQHandler                 0x08001ebd   Thumb Code   226  usart_it.o(i.OS_CPU_USART1_IRQHandler)
    OS_Dummy                                 0x08001fb5   Thumb Code     2  os_core.o(i.OS_Dummy)
    OS_EventTaskRdy                          0x08001fb9   Thumb Code    86  os_core.o(i.OS_EventTaskRdy)
    OS_EventTaskRemove                       0x0800201d   Thumb Code    32  os_core.o(i.OS_EventTaskRemove)
    OS_EventTaskWait                         0x0800203d   Thumb Code    68  os_core.o(i.OS_EventTaskWait)
    OS_EventWaitListInit                     0x08002085   Thumb Code    20  os_core.o(i.OS_EventWaitListInit)
    OS_MemClr                                0x08002109   Thumb Code    18  os_core.o(i.OS_MemClr)
    OS_MemInit                               0x0800211d   Thumb Code    64  os_mem.o(i.OS_MemInit)
    OS_QInit                                 0x08002169   Thumb Code    56  os_q.o(i.OS_QInit)
    OS_Sched                                 0x080021a9   Thumb Code    64  os_core.o(i.OS_Sched)
    OS_TCBInit                               0x08002211   Thumb Code   226  os_core.o(i.OS_TCBInit)
    OS_TaskIdle                              0x08002301   Thumb Code    24  os_core.o(i.OS_TaskIdle)
    OS_TaskReturn                            0x0800231d   Thumb Code    20  os_task.o(i.OS_TaskReturn)
    OS_TaskStkClr                            0x08002335   Thumb Code    22  os_task.o(i.OS_TaskStkClr)
    SystemClock_Config                       0x0800234d   Thumb Code   152  main.o(i.SystemClock_Config)
    SystemInit                               0x080023ed   Thumb Code    66  system_stm32f4xx.o(i.SystemInit)
    Task_KeyScan_Creat                       0x08002441   Thumb Code    28  keyscan_demo.o(i.Task_KeyScan_Creat)
    Task_USART1_Creat                        0x08002469   Thumb Code    12  usart_it.o(i.Task_USART1_Creat)
    USER_USART1_print                        0x08002729   Thumb Code    64  usart_it.o(i.USER_USART1_print)
    Uart_Sendbuf_Init                        0x08002771   Thumb Code    34  usart_it.o(i.Uart_Sendbuf_Init)
    User_App_Initial                         0x0800279d   Thumb Code   128  ucosii_demo.o(i.User_App_Initial)
    __scatterload_copy                       0x08002831   Thumb Code    14  handlers.o(i.__scatterload_copy)
    __scatterload_null                       0x0800283f   Thumb Code     2  handlers.o(i.__scatterload_null)
    __scatterload_zeroinit                   0x08002841   Thumb Code    14  handlers.o(i.__scatterload_zeroinit)
    main                                     0x0800288d   Thumb Code    36  main.o(i.main)
    AHBPrescTable                            0x08002b48   Data          16  system_stm32f4xx.o(.constdata)
    APBPrescTable                            0x08002b58   Data           8  system_stm32f4xx.o(.constdata)
    OSUnMapTbl                               0x08002b60   Data         256  os_core.o(.constdata)
    Region$$Table$$Base                      0x08002c60   Number         0  anon$$obj.o(Region$$Table)
    Region$$Table$$Limit                     0x08002c80   Number         0  anon$$obj.o(Region$$Table)
    SystemCoreClock                          0x20000000   Data           4  system_stm32f4xx.o(.data)
    OS_CPU_ExceptStkBase                     0x20000008   Data           4  os_cpu_c.o(.data)
    OSIntNesting                             0x2000000c   Data           1  os_core.o(.data)
    OSLockNesting                            0x2000000d   Data           1  os_core.o(.data)
    OSPrioCur                                0x2000000e   Data           1  os_core.o(.data)
    OSPrioHighRdy                            0x2000000f   Data           1  os_core.o(.data)
    OSRdyGrp                                 0x20000010   Data           1  os_core.o(.data)
    OSRunning                                0x20000011   Data           1  os_core.o(.data)
    OSTaskCtr                                0x20000012   Data           1  os_core.o(.data)
    OSTickStepState                          0x20000013   Data           1  os_core.o(.data)
    OSTaskRegNextAvailID                     0x20000014   Data           1  os_core.o(.data)
    OSCtxSwCtr                               0x20000018   Data           4  os_core.o(.data)
    OSEventFreeList                          0x2000001c   Data           4  os_core.o(.data)
    OSIdleCtr                                0x20000020   Data           4  os_core.o(.data)
    OSTCBCur                                 0x20000024   Data           4  os_core.o(.data)
    OSTCBFreeList                            0x20000028   Data           4  os_core.o(.data)
    OSTCBHighRdy                             0x2000002c   Data           4  os_core.o(.data)
    OSTCBList                                0x20000030   Data           4  os_core.o(.data)
    OSTime                                   0x20000034   Data           4  os_core.o(.data)
    OSRdyTbl                                 0x20000038   Data           8  os_core.o(.data)
    OSMemFreeList                            0x20000040   Data           4  os_core.o(.data)
    OSQFreeList                              0x20000044   Data           4  os_core.o(.data)
    OSTmrFree                                0x20000048   Data           2  os_core.o(.data)
    OSTmrUsed                                0x2000004a   Data           2  os_core.o(.data)
    OSTmrTime                                0x2000004c   Data           4  os_core.o(.data)
    OSTmrSem                                 0x20000050   Data           4  os_core.o(.data)
    OSTmrSemSignal                           0x20000054   Data           4  os_core.o(.data)
    OSTmrFreeList                            0x20000058   Data           4  os_core.o(.data)
    uwTick                                   0x2000005c   Data           4  stm32f4xx_hal.o(.data)
    keyscan                                  0x20000070   Data           1  keyscan_demo.o(.data)
    KeySwitch                                0x20000071   Data           4  keyscan_demo.o(.data)
    memMsgP                                  0x20000078   Data           4  message.o(.data)
    OS_CPU_ExceptStk                         0x2000007c   Data         512  os_cpu_c.o(.bss)
    OSEventTbl                               0x2000027c   Data         200  os_core.o(.bss)
    OSTaskIdleStk                            0x20000344   Data         512  os_core.o(.bss)
    OSTCBPrioTbl                             0x20000544   Data         256  os_core.o(.bss)
    OSTCBTbl                                 0x20000644   Data         836  os_core.o(.bss)
    OSMemTbl                                 0x20000988   Data          72  os_core.o(.bss)
    OSQTbl                                   0x200009d0   Data          96  os_core.o(.bss)
    OSTmrTbl                                 0x20000a30   Data         640  os_core.o(.bss)
    OSTmrTaskStk                             0x20000cb0   Data         512  os_core.o(.bss)
    OSTmrWheelTbl                            0x20000eb0   Data          64  os_core.o(.bss)
    huart1                                   0x20000ef0   Data          64  usart.o(.bss)
    App_Record                               0x20000f3c   Data          80  ucosii_demo.o(.bss)
    SendBuf_QArray                           0x200013f8   Data          64  usart_it.o(.bss)
    memMsgBuf                                0x200016b8   Data         160  message.o(.bss)
    __initial_sp                             0x20001b58   Data           0  startup_stm32f407xx.o(STACK)



==============================================================================

Memory Map of the image

  Image Entry point : 0x08000189

  Load Region LR_IROM1 (Base: 0x08000000, Size: 0x00002cfc, Max: 0x00100000, ABSOLUTE)

    Execution Region ER_IROM1 (Base: 0x08000000, Size: 0x00002c80, Max: 0x00100000, ABSOLUTE)

    Base Addr    Size         Type   Attr      Idx    E Section Name        Object

    0x08000000   0x00000188   Data   RO          894    RESET               startup_stm32f407xx.o
    0x08000188   0x00000000   Code   RO         2674  * .ARM.Collect$$$$00000000  mc_w.l(entry.o)
    0x08000188   0x00000004   Code   RO         2938    .ARM.Collect$$$$00000001  mc_w.l(entry2.o)
    0x0800018c   0x00000004   Code   RO         2941    .ARM.Collect$$$$00000004  mc_w.l(entry5.o)
    0x08000190   0x00000000   Code   RO         2943    .ARM.Collect$$$$00000008  mc_w.l(entry7b.o)
    0x08000190   0x00000000   Code   RO         2945    .ARM.Collect$$$$0000000A  mc_w.l(entry8b.o)
    0x08000190   0x00000008   Code   RO         2946    .ARM.Collect$$$$0000000B  mc_w.l(entry9a.o)
    0x08000198   0x00000000   Code   RO         2948    .ARM.Collect$$$$0000000D  mc_w.l(entry10a.o)
    0x08000198   0x00000000   Code   RO         2950    .ARM.Collect$$$$0000000F  mc_w.l(entry11a.o)
    0x08000198   0x00000004   Code   RO         2939    .ARM.Collect$$$$00002712  mc_w.l(entry2.o)
    0x0800019c   0x000000b0   Code   RO          234    .text               os_cpu_a.o
    0x0800024c   0x00000024   Code   RO          895    .text               startup_stm32f407xx.o
    0x08000270   0x00000024   Code   RO         2970    .text               mc_w.l(init.o)
    0x08000294   0x00000002   Code   RO          902    i.Error_Handler     main.o
    0x08000296   0x00000002   PAD
    0x08000298   0x000001b0   Code   RO         1279    i.HAL_GPIO_Init     stm32f4xx_hal_gpio.o
    0x08000448   0x0000000a   Code   RO         1281    i.HAL_GPIO_ReadPin  stm32f4xx_hal_gpio.o
    0x08000452   0x00000008   Code   RO         1282    i.HAL_GPIO_TogglePin  stm32f4xx_hal_gpio.o
    0x0800045a   0x0000000a   Code   RO         1283    i.HAL_GPIO_WritePin  stm32f4xx_hal_gpio.o
    0x08000464   0x0000000c   Code   RO         1136    i.HAL_GetTick       stm32f4xx_hal.o
    0x08000470   0x00000034   Code   RO         1139    i.HAL_Init          stm32f4xx_hal.o
    0x080004a4   0x00000028   Code   RO         1140    i.HAL_InitTick      stm32f4xx_hal.o
    0x080004cc   0x00000058   Code   RO         1021    i.HAL_MspInit       stm32f4xx_hal_msp.o
    0x08000524   0x00000016   Code   RO         1570    i.HAL_NVIC_DisableIRQ  stm32f4xx_hal_cortex.o
    0x0800053a   0x00000016   Code   RO         1571    i.HAL_NVIC_EnableIRQ  stm32f4xx_hal_cortex.o
    0x08000550   0x00000040   Code   RO         1577    i.HAL_NVIC_SetPriority  stm32f4xx_hal_cortex.o
    0x08000590   0x00000024   Code   RO         1578    i.HAL_NVIC_SetPriorityGrouping  stm32f4xx_hal_cortex.o
    0x080005b4   0x0000017c   Code   RO         1743    i.HAL_RCC_ClockConfig  stm32f4xx_hal_rcc.o
    0x08000730   0x0000000c   Code   RO         1748    i.HAL_RCC_GetHCLKFreq  stm32f4xx_hal_rcc.o
    0x0800073c   0x00000030   Code   RO         1750    i.HAL_RCC_GetPCLK1Freq  stm32f4xx_hal_rcc.o
    0x0800076c   0x00000030   Code   RO         1751    i.HAL_RCC_GetPCLK2Freq  stm32f4xx_hal_rcc.o
    0x0800079c   0x00000074   Code   RO         1752    i.HAL_RCC_GetSysClockFreq  stm32f4xx_hal_rcc.o
    0x08000810   0x00000314   Code   RO         1755    i.HAL_RCC_OscConfig  stm32f4xx_hal_rcc.o
    0x08000b24   0x00000018   Code   RO         1580    i.HAL_SYSTICK_CLKSourceConfig  stm32f4xx_hal_cortex.o
    0x08000b3c   0x00000028   Code   RO         1582    i.HAL_SYSTICK_Config  stm32f4xx_hal_cortex.o
    0x08000b64   0x00000062   Code   RO         2163    i.HAL_UART_Init     stm32f4xx_hal_uart.o
    0x08000bc6   0x00000002   PAD
    0x08000bc8   0x0000005c   Code   RO         1046    i.HAL_UART_MspInit  usart.o
    0x08000c24   0x00000034   Code   RO         2592    i.KEYx_Down_Process  keyscan_demo.o
    0x08000c58   0x00000034   Code   RO         2464    i.LED1_light        ucosii_demo.o
    0x08000c8c   0x00000034   Code   RO         2465    i.LED2_light        ucosii_demo.o
    0x08000cc0   0x00000034   Code   RO         2466    i.LED3_light        ucosii_demo.o
    0x08000cf4   0x0000017c   Code   RO         2467    i.LEDx_Task         ucosii_demo.o
    0x08000e70   0x00000108   Code   RO          997    i.MX_GPIO_Init      gpio.o
    0x08000f78   0x00000038   Code   RO         1047    i.MX_USART1_UART_Init  usart.o
    0x08000fb0   0x00000020   Code   RO         2634    i.Msg_MemInit       message.o
    0x08000fd0   0x00000010   Code   RO         2635    i.Msg_MemPut        message.o
    0x08000fe0   0x00000060   Code   RO         2636    i.Msg_SendShort     message.o
    0x08001040   0x00000020   Code   RO         1584    i.NVIC_SetPriority  stm32f4xx_hal_cortex.o
    0x08001060   0x000000d4   Code   RO          237    i.OSInit            os_core.o
    0x08001134   0x00000024   Code   RO          125    i.OSInitHookBegin   os_cpu_c.o
    0x08001158   0x00000002   Code   RO          126    i.OSInitHookEnd     os_cpu_c.o
    0x0800115a   0x00000002   PAD
    0x0800115c   0x0000005c   Code   RO          239    i.OSIntExit         os_core.o
    0x080011b8   0x00000060   Code   RO          453    i.OSMemCreate       os_mem.o
    0x08001218   0x00000036   Code   RO          454    i.OSMemGet          os_mem.o
    0x0800124e   0x0000002e   Code   RO          457    i.OSMemPut          os_mem.o
    0x0800127c   0x0000004e   Code   RO          548    i.OSQAccept         os_q.o
    0x080012ca   0x00000002   PAD
    0x080012cc   0x0000007c   Code   RO          549    i.OSQCreate         os_q.o
    0x08001348   0x000000e0   Code   RO          550    i.OSQDel            os_q.o
    0x08001428   0x000000dc   Code   RO          552    i.OSQPend           os_q.o
    0x08001504   0x0000006a   Code   RO          554    i.OSQPost           os_q.o
    0x0800156e   0x00000002   PAD
    0x08001570   0x0000002c   Code   RO          240    i.OSSchedLock       os_core.o
    0x0800159c   0x0000003c   Code   RO          241    i.OSSchedUnlock     os_core.o
    0x080015d8   0x00000040   Code   RO          621    i.OSSemCreate       os_sem.o
    0x08001618   0x000000b8   Code   RO          623    i.OSSemPend         os_sem.o
    0x080016d0   0x00000052   Code   RO          625    i.OSSemPost         os_sem.o
    0x08001722   0x00000002   PAD
    0x08001724   0x00000030   Code   RO          242    i.OSStart           os_core.o
    0x08001754   0x00000002   Code   RO          127    i.OSTCBInitHook     os_cpu_c.o
    0x08001756   0x00000002   PAD
    0x08001758   0x00000088   Code   RO          675    i.OSTaskCreate      os_task.o
    0x080017e0   0x0000009c   Code   RO          676    i.OSTaskCreateExt   os_task.o
    0x0800187c   0x00000002   Code   RO          128    i.OSTaskCreateHook  os_cpu_c.o
    0x0800187e   0x00000002   PAD
    0x08001880   0x0000012c   Code   RO          677    i.OSTaskDel         os_task.o
    0x080019ac   0x00000002   Code   RO          129    i.OSTaskDelHook     os_cpu_c.o
    0x080019ae   0x00000002   Code   RO          130    i.OSTaskIdleHook    os_cpu_c.o
    0x080019b0   0x00000058   Code   RO          680    i.OSTaskNameSet     os_task.o
    0x08001a08   0x00000002   Code   RO          131    i.OSTaskReturnHook  os_cpu_c.o
    0x08001a0a   0x00000002   PAD
    0x08001a0c   0x00000078   Code   RO          133    i.OSTaskStkInit     os_cpu_c.o
    0x08001a84   0x00000002   Code   RO          134    i.OSTaskSwHook      os_cpu_c.o
    0x08001a86   0x00000002   PAD
    0x08001a88   0x00000068   Code   RO          776    i.OSTimeDly         os_time.o
    0x08001af0   0x000000a0   Code   RO          243    i.OSTimeTick        os_core.o
    0x08001b90   0x0000001c   Code   RO          135    i.OSTimeTickHook    os_cpu_c.o
    0x08001bac   0x0000008c   Code   RO          812    i.OSTmrCreate       os_tmr.o
    0x08001c38   0x0000000c   Code   RO          816    i.OSTmrSignal       os_tmr.o
    0x08001c44   0x00000064   Code   RO          817    i.OSTmrStart        os_tmr.o
    0x08001ca8   0x000000ec   Code   RO          821    i.OSTmr_Init        os_tmr.o
    0x08001d94   0x0000004c   Code   RO          822    i.OSTmr_Link        os_tmr.o
    0x08001de0   0x00000078   Code   RO          823    i.OSTmr_Task        os_tmr.o
    0x08001e58   0x00000040   Code   RO          824    i.OSTmr_Unlink      os_tmr.o
    0x08001e98   0x00000024   Code   RO          136    i.OS_CPU_SysTickHandler  os_cpu_c.o
    0x08001ebc   0x000000f8   Code   RO         2532    i.OS_CPU_USART1_IRQHandler  usart_it.o
    0x08001fb4   0x00000002   Code   RO          245    i.OS_Dummy          os_core.o
    0x08001fb6   0x00000002   PAD
    0x08001fb8   0x00000064   Code   RO          246    i.OS_EventTaskRdy   os_core.o
    0x0800201c   0x00000020   Code   RO          247    i.OS_EventTaskRemove  os_core.o
    0x0800203c   0x00000048   Code   RO          248    i.OS_EventTaskWait  os_core.o
    0x08002084   0x00000014   Code   RO          249    i.OS_EventWaitListInit  os_core.o
    0x08002098   0x00000070   Code   RO          250    i.OS_InitTCBList    os_core.o
    0x08002108   0x00000012   Code   RO          251    i.OS_MemClr         os_core.o
    0x0800211a   0x00000002   PAD
    0x0800211c   0x0000004c   Code   RO          459    i.OS_MemInit        os_mem.o
    0x08002168   0x00000040   Code   RO          558    i.OS_QInit          os_q.o
    0x080021a8   0x00000048   Code   RO          253    i.OS_Sched          os_core.o
    0x080021f0   0x00000020   Code   RO          254    i.OS_SchedNew       os_core.o
    0x08002210   0x000000f0   Code   RO          256    i.OS_TCBInit        os_core.o
    0x08002300   0x0000001c   Code   RO          257    i.OS_TaskIdle       os_core.o
    0x0800231c   0x00000018   Code   RO          688    i.OS_TaskReturn     os_task.o
    0x08002334   0x00000016   Code   RO          689    i.OS_TaskStkClr     os_task.o
    0x0800234a   0x00000002   PAD
    0x0800234c   0x000000a0   Code   RO          903    i.SystemClock_Config  main.o
    0x080023ec   0x00000054   Code   RO            5    i.SystemInit        system_stm32f4xx.o
    0x08002440   0x00000028   Code   RO         2593    i.Task_KeyScan_Creat  keyscan_demo.o
    0x08002468   0x00000014   Code   RO         2533    i.Task_USART1_Creat  usart_it.o
    0x0800247c   0x000002ac   Code   RO         2189    i.UART_SetConfig    stm32f4xx_hal_uart.o
    0x08002728   0x00000048   Code   RO         2534    i.USER_USART1_print  usart_it.o
    0x08002770   0x0000002c   Code   RO         2536    i.Uart_Sendbuf_Init  usart_it.o
    0x0800279c   0x00000094   Code   RO         2470    i.User_App_Initial  ucosii_demo.o
    0x08002830   0x0000000e   Code   RO         2984    i.__scatterload_copy  mc_w.l(handlers.o)
    0x0800283e   0x00000002   Code   RO         2985    i.__scatterload_null  mc_w.l(handlers.o)
    0x08002840   0x0000000e   Code   RO         2986    i.__scatterload_zeroinit  mc_w.l(handlers.o)
    0x0800284e   0x00000002   PAD
    0x08002850   0x0000003c   Code   RO         2471    i.changeLED_state   ucosii_demo.o
    0x0800288c   0x00000024   Code   RO          904    i.main              main.o
    0x080028b0   0x000000f0   Code   RO         2537    i.task_USART1       usart_it.o
    0x080029a0   0x000001a8   Code   RO         2594    i.task_keyscan      keyscan_demo.o
    0x08002b48   0x00000010   Data   RO            6    .constdata          system_stm32f4xx.o
    0x08002b58   0x00000008   Data   RO            7    .constdata          system_stm32f4xx.o
    0x08002b60   0x00000100   Data   RO          265    .constdata          os_core.o
    0x08002c60   0x00000020   Data   RO         2982    Region$$Table       anon$$obj.o


    Execution Region RW_IRAM1 (Base: 0x20000000, Size: 0x00001b58, Max: 0x00020000, ABSOLUTE)

    Base Addr    Size         Type   Attr      Idx    E Section Name        Object

    0x20000000   0x00000004   Data   RW            8    .data               system_stm32f4xx.o
    0x20000004   0x00000008   Data   RW          138    .data               os_cpu_c.o
    0x2000000c   0x00000034   Data   RW          266    .data               os_core.o
    0x20000040   0x00000004   Data   RW          267    .data               os_core.o
    0x20000044   0x00000004   Data   RW          268    .data               os_core.o
    0x20000048   0x00000002   Data   RW          269    .data               os_core.o
    0x2000004a   0x00000002   Data   RW          270    .data               os_core.o
    0x2000004c   0x00000004   Data   RW          271    .data               os_core.o
    0x20000050   0x00000004   Data   RW          272    .data               os_core.o
    0x20000054   0x00000004   Data   RW          273    .data               os_core.o
    0x20000058   0x00000004   Data   RW          274    .data               os_core.o
    0x2000005c   0x00000004   Data   RW         1145    .data               stm32f4xx_hal.o
    0x20000060   0x00000010   Data   RW         2539    .data               usart_it.o
    0x20000070   0x00000005   Data   RW         2596    .data               keyscan_demo.o
    0x20000075   0x00000003   PAD
    0x20000078   0x00000004   Data   RW         2638    .data               message.o
    0x2000007c   0x00000200   Zero   RW          137    .bss                os_cpu_c.o
    0x2000027c   0x0000070c   Zero   RW          259    .bss                os_core.o
    0x20000988   0x00000048   Zero   RW          260    .bss                os_core.o
    0x200009d0   0x00000060   Zero   RW          261    .bss                os_core.o
    0x20000a30   0x00000280   Zero   RW          262    .bss                os_core.o
    0x20000cb0   0x00000200   Zero   RW          263    .bss                os_core.o
    0x20000eb0   0x00000040   Zero   RW          264    .bss                os_core.o
    0x20000ef0   0x00000040   Zero   RW         1048    .bss                usart.o
    0x20000f30   0x00000290   Zero   RW         2472    .bss                ucosii_demo.o
    0x200011c0   0x000002f8   Zero   RW         2538    .bss                usart_it.o
    0x200014b8   0x00000200   Zero   RW         2595    .bss                keyscan_demo.o
    0x200016b8   0x000000a0   Zero   RW         2637    .bss                message.o
    0x20001758   0x00000400   Zero   RW          892    STACK               startup_stm32f407xx.o


==============================================================================

Image component sizes


      Code (inc. data)   RO Data    RW Data    ZI Data      Debug   Object Name

       264         24          0          0          0       1227   gpio.o
       516        106          0          5        512       2973   keyscan_demo.o
       198          8          0          0          0       3340   main.o
       144         22          0          4        160       3627   message.o
      1344        138        256         80       3188      21552   os_core.o
       176         36          0          0          0        372   os_cpu_a.o
       234         30          0          8        512      15947   os_cpu_c.o
         0          0          0          0          0       9026   os_dbg.o
       272         18          0          0          0       3809   os_mem.o
       816         50          0          0          0       6068   os_q.o
       330         22          0          0          0       2926   os_sem.o
       726         84          0          0          0       5825   os_task.o
       104         22          0          0          0        780   os_time.o
       748        122          0          0          0       6226   os_tmr.o
        36          8        392          0       1024        876   startup_stm32f407xx.o
       104         16          0          4          0       3749   stm32f4xx_hal.o
       240         14          0          0          0      32439   stm32f4xx_hal_cortex.o
       460         44          0          0          0       4132   stm32f4xx_hal_gpio.o
        88          0          0          0          0        610   stm32f4xx_hal_msp.o
      1392         80          0          0          0       6272   stm32f4xx_hal_rcc.o
       782          8          0          0          0       2320   stm32f4xx_hal_uart.o
        84         18         24          4          0     649103   system_stm32f4xx.o
       744        180          0          0        656       5516   ucosii_demo.o
       148         20          0          0         64       1998   usart.o
       624        102          0         16        760       5132   usart_it.o

    ----------------------------------------------------------------------
     10600       1172        704        124       6876     795845   Object Totals
         0          0         32          0          0          0   (incl. Generated)
        26          0          0          3          0          0   (incl. Padding)

    ----------------------------------------------------------------------

      Code (inc. data)   RO Data    RW Data    ZI Data      Debug   Library Member Name

         0          0          0          0          0          0   entry.o
         0          0          0          0          0          0   entry10a.o
         0          0          0          0          0          0   entry11a.o
         8          4          0          0          0          0   entry2.o
         4          0          0          0          0          0   entry5.o
         0          0          0          0          0          0   entry7b.o
         0          0          0          0          0          0   entry8b.o
         8          4          0          0          0          0   entry9a.o
        30          0          0          0          0          0   handlers.o
        36          8          0          0          0         68   init.o

    ----------------------------------------------------------------------
        88         16          0          0          0         68   Library Totals
         2          0          0          0          0          0   (incl. Padding)

    ----------------------------------------------------------------------

      Code (inc. data)   RO Data    RW Data    ZI Data      Debug   Library Name

        86         16          0          0          0         68   mc_w.l

    ----------------------------------------------------------------------
        88         16          0          0          0         68   Library Totals

    ----------------------------------------------------------------------

==============================================================================


      Code (inc. data)   RO Data    RW Data    ZI Data      Debug   

     10688       1188        704        124       6876     786617   Grand Totals
     10688       1188        704        124       6876     786617   ELF Image Totals
     10688       1188        704        124          0          0   ROM Totals

==============================================================================

    Total RO  Size (Code + RO Data)                11392 (  11.13kB)
    Total RW  Size (RW Data + ZI Data)              7000 (   6.84kB)
    Total ROM Size (Code + RO Data + RW Data)      11516 (  11.25kB)

==============================================================================

